###############################################################################
#
# IAR ELF Linker V7.70.2.11706/W32 for ARM                23/Jan/2017  21:33:58
# Copyright 2007-2016 IAR Systems AB.
#
#    Output file  =  C:\Users\Youssef\Desktop\gps2\EWARM\gps2\Exe\gps2.out
#    Map file     =  C:\Users\Youssef\Desktop\gps2\EWARM\gps2\List\gps2.map
#    Command line =  
#        C:\Users\Youssef\Desktop\gps2\EWARM\gps2\Obj\main.o
#        C:\Users\Youssef\Desktop\gps2\EWARM\gps2\Obj\startup_stm32f407xx.o
#        C:\Users\Youssef\Desktop\gps2\EWARM\gps2\Obj\stm32f4xx_hal.o
#        C:\Users\Youssef\Desktop\gps2\EWARM\gps2\Obj\stm32f4xx_hal_cortex.o
#        C:\Users\Youssef\Desktop\gps2\EWARM\gps2\Obj\stm32f4xx_hal_dma.o
#        C:\Users\Youssef\Desktop\gps2\EWARM\gps2\Obj\stm32f4xx_hal_dma_ex.o
#        C:\Users\Youssef\Desktop\gps2\EWARM\gps2\Obj\stm32f4xx_hal_flash.o
#        C:\Users\Youssef\Desktop\gps2\EWARM\gps2\Obj\stm32f4xx_hal_flash_ex.o
#        C:\Users\Youssef\Desktop\gps2\EWARM\gps2\Obj\stm32f4xx_hal_flash_ramfunc.o
#        C:\Users\Youssef\Desktop\gps2\EWARM\gps2\Obj\stm32f4xx_hal_gpio.o
#        C:\Users\Youssef\Desktop\gps2\EWARM\gps2\Obj\stm32f4xx_hal_msp.o
#        C:\Users\Youssef\Desktop\gps2\EWARM\gps2\Obj\stm32f4xx_hal_pwr.o
#        C:\Users\Youssef\Desktop\gps2\EWARM\gps2\Obj\stm32f4xx_hal_pwr_ex.o
#        C:\Users\Youssef\Desktop\gps2\EWARM\gps2\Obj\stm32f4xx_hal_rcc.o
#        C:\Users\Youssef\Desktop\gps2\EWARM\gps2\Obj\stm32f4xx_hal_rcc_ex.o
#        C:\Users\Youssef\Desktop\gps2\EWARM\gps2\Obj\stm32f4xx_hal_tim.o
#        C:\Users\Youssef\Desktop\gps2\EWARM\gps2\Obj\stm32f4xx_hal_tim_ex.o
#        C:\Users\Youssef\Desktop\gps2\EWARM\gps2\Obj\stm32f4xx_hal_uart.o
#        C:\Users\Youssef\Desktop\gps2\EWARM\gps2\Obj\stm32f4xx_it.o
#        C:\Users\Youssef\Desktop\gps2\EWARM\gps2\Obj\system_stm32f4xx.o
#        --redirect _Printf=_PrintfFull --redirect _Scanf=_ScanfFull -o
#        C:\Users\Youssef\Desktop\gps2\EWARM\gps2\Exe\gps2.out --map
#        C:\Users\Youssef\Desktop\gps2\EWARM\gps2\List\gps2.map --config
#        C:\Users\Youssef\Desktop\gps2\EWARM/stm32f407xx_flash.icf
#        --semihosting --entry __iar_program_start --vfe
#
###############################################################################

*******************************************************************************
*** RUNTIME MODEL ATTRIBUTES
***

CppFlavor       = *
__SystemLibrary = DLib


*******************************************************************************
*** PLACEMENT SUMMARY
***

"A0":  place at 0x08000000 { ro section .intvec };
"P1":  place in [from 0x08000000 to 0x080fffff] { ro };
"P2":  place in [from 0x20000000 to 0x2001ffff] { rw, block CSTACK, block HEAP };
initialize by copy { rw };

  Section            Kind        Address    Size  Object
  -------            ----        -------    ----  ------
"A0":                                      0x188
  .intvec            ro code  0x08000000   0x188  startup_stm32f407xx.o [1]
                            - 0x08000188   0x188

"P1":                                     0x1434
  .text              ro code  0x08000188   0x48a  stm32f4xx_hal_uart.o [1]
  .text              ro code  0x08000614    0xc4  stm32f4xx_hal_msp.o [1]
  .text              ro code  0x080006d8    0x24  stm32f4xx_hal_dma.o [1]
  .text              ro code  0x080006fc     0x2  stm32f4xx_hal_uart.o [1]
  .text              ro code  0x080006fe     0x2  stm32f4xx_hal_uart.o [1]
  .text              ro code  0x08000700     0x2  stm32f4xx_hal_uart.o [1]
  .text              ro code  0x08000704   0x1dc  stm32f4xx_hal_rcc.o [1]
  .text              ro code  0x080008e0    0xde  stm32f4xx_hal_cortex.o [1]
  .text              ro code  0x080009c0   0x1d8  stm32f4xx_hal_gpio.o [1]
  .text              ro code  0x08000b98     0xc  stm32f4xx_hal.o [1]
  .text              ro code  0x08000ba4    0x28  stm32f4xx_hal.o [1]
  .text              ro code  0x08000bcc   0x35c  main.o [1]
  .text              ro code  0x08000f28    0x34  stm32f4xx_hal.o [1]
  .text              ro code  0x08000f5c    0x18  stm32f4xx_hal.o [1]
  .text              ro code  0x08000f74     0x6  ABImemclr4.o [5]
  .text              ro code  0x08000f7c    0x42  strcmp_unaligned.o [5]
  .text              ro code  0x08000fc0   0x298  stm32f4xx_hal_rcc.o [1]
  .text              ro code  0x08001258    0x32  ABImemset48.o [5]
  .text              ro code  0x0800128c    0x50  system_stm32f4xx.o [1]
  .text              ro code  0x080012dc    0x40  zero_init3.o [5]
  .text              ro code  0x0800131c    0x30  stm32f4xx_it.o [1]
  .text              ro code  0x0800134c    0x10  stm32f4xx_hal.o [1]
  .text              ro code  0x0800135c    0x2c  copy_init3.o [5]
  .text              ro code  0x08001388    0x28  data_init.o [5]
  .text              ro code  0x080013b0    0x22  fpinit_M.o [4]
  .iar.init_table    const    0x080013d4    0x24  - Linker created -
  .text              ro code  0x080013f8    0x1a  cmain.o [5]
  .text              ro code  0x08001412     0x4  low_level_init.o [3]
  .text              ro code  0x08001416     0x4  exit.o [3]
  .text              ro code  0x0800141c     0xa  cexit.o [5]
  .text              ro code  0x08001428    0x14  exit.o [6]
  .text              ro code  0x0800143c    0x10  startup_stm32f407xx.o [1]
  .text              ro code  0x0800144c     0xc  cstartup_M.o [5]
  .text              ro code  0x08001458     0x4  startup_stm32f407xx.o [1]
  .text              ro code  0x0800145c     0x4  startup_stm32f407xx.o [1]
  .text              ro code  0x08001460     0x4  startup_stm32f407xx.o [1]
  .text              ro code  0x08001464     0x4  startup_stm32f407xx.o [1]
  .text              ro code  0x08001468     0x4  startup_stm32f407xx.o [1]
  .text              ro code  0x0800146c     0x4  startup_stm32f407xx.o [1]
  .text              ro code  0x08001470     0x4  startup_stm32f407xx.o [1]
  .text              ro code  0x08001474     0x4  startup_stm32f407xx.o [1]
  .text              ro code  0x08001478     0x4  startup_stm32f407xx.o [1]
  .text              ro code  0x0800147c     0x4  startup_stm32f407xx.o [1]
  .text              ro code  0x08001480     0x4  startup_stm32f407xx.o [1]
  .text              ro code  0x08001484     0x4  startup_stm32f407xx.o [1]
  .text              ro code  0x08001488     0x4  startup_stm32f407xx.o [1]
  .text              ro code  0x0800148c     0x4  startup_stm32f407xx.o [1]
  .text              ro code  0x08001490     0x4  startup_stm32f407xx.o [1]
  .text              ro code  0x08001494     0x4  startup_stm32f407xx.o [1]
  .text              ro code  0x08001498     0x4  startup_stm32f407xx.o [1]
  .text              ro code  0x0800149c     0x4  startup_stm32f407xx.o [1]
  .text              ro code  0x080014a0     0x4  startup_stm32f407xx.o [1]
  .text              ro code  0x080014a4     0x4  startup_stm32f407xx.o [1]
  .text              ro code  0x080014a8     0x4  startup_stm32f407xx.o [1]
  .text              ro code  0x080014ac     0x4  startup_stm32f407xx.o [1]
  .text              ro code  0x080014b0     0x4  startup_stm32f407xx.o [1]
  .text              ro code  0x080014b4     0x4  startup_stm32f407xx.o [1]
  .text              ro code  0x080014b8     0x4  startup_stm32f407xx.o [1]
  .text              ro code  0x080014bc     0x4  startup_stm32f407xx.o [1]
  .text              ro code  0x080014c0     0x4  startup_stm32f407xx.o [1]
  .text              ro code  0x080014c4     0x4  startup_stm32f407xx.o [1]
  .text              ro code  0x080014c8     0x4  startup_stm32f407xx.o [1]
  .text              ro code  0x080014cc     0x4  startup_stm32f407xx.o [1]
  .text              ro code  0x080014d0     0x4  startup_stm32f407xx.o [1]
  .text              ro code  0x080014d4     0x4  startup_stm32f407xx.o [1]
  .text              ro code  0x080014d8     0x4  startup_stm32f407xx.o [1]
  .text              ro code  0x080014dc     0x4  startup_stm32f407xx.o [1]
  .text              ro code  0x080014e0     0x4  startup_stm32f407xx.o [1]
  .text              ro code  0x080014e4     0x4  startup_stm32f407xx.o [1]
  .text              ro code  0x080014e8     0x4  startup_stm32f407xx.o [1]
  .text              ro code  0x080014ec     0x4  startup_stm32f407xx.o [1]
  .text              ro code  0x080014f0     0x4  startup_stm32f407xx.o [1]
  .text              ro code  0x080014f4     0x4  startup_stm32f407xx.o [1]
  .text              ro code  0x080014f8     0x4  startup_stm32f407xx.o [1]
  .text              ro code  0x080014fc     0x4  startup_stm32f407xx.o [1]
  .text              ro code  0x08001500     0x4  startup_stm32f407xx.o [1]
  .text              ro code  0x08001504     0x4  startup_stm32f407xx.o [1]
  .text              ro code  0x08001508     0x4  startup_stm32f407xx.o [1]
  .text              ro code  0x0800150c     0x4  startup_stm32f407xx.o [1]
  .text              ro code  0x08001510     0x4  startup_stm32f407xx.o [1]
  .text              ro code  0x08001514     0x4  startup_stm32f407xx.o [1]
  .text              ro code  0x08001518     0x4  startup_stm32f407xx.o [1]
  .text              ro code  0x0800151c     0x4  startup_stm32f407xx.o [1]
  .text              ro code  0x08001520     0x4  startup_stm32f407xx.o [1]
  .text              ro code  0x08001524     0x4  startup_stm32f407xx.o [1]
  .text              ro code  0x08001528     0x4  startup_stm32f407xx.o [1]
  .text              ro code  0x0800152c     0x4  startup_stm32f407xx.o [1]
  .text              ro code  0x08001530     0x4  startup_stm32f407xx.o [1]
  .text              ro code  0x08001534     0x4  startup_stm32f407xx.o [1]
  .text              ro code  0x08001538     0x4  startup_stm32f407xx.o [1]
  .text              ro code  0x0800153c     0x4  startup_stm32f407xx.o [1]
  .text              ro code  0x08001540     0x4  startup_stm32f407xx.o [1]
  .text              ro code  0x08001544     0x4  startup_stm32f407xx.o [1]
  .text              ro code  0x08001548     0x4  startup_stm32f407xx.o [1]
  .text              ro code  0x0800154c     0x4  startup_stm32f407xx.o [1]
  .text              ro code  0x08001550     0x4  startup_stm32f407xx.o [1]
  .text              ro code  0x08001554     0x4  startup_stm32f407xx.o [1]
  .text              ro code  0x08001558     0x4  startup_stm32f407xx.o [1]
  .text              ro code  0x0800155c     0x4  startup_stm32f407xx.o [1]
  .text              ro code  0x08001560     0x4  startup_stm32f407xx.o [1]
  .text              ro code  0x08001564     0x4  startup_stm32f407xx.o [1]
  .text              ro code  0x08001568     0x4  startup_stm32f407xx.o [1]
  .text              ro code  0x0800156c     0x4  startup_stm32f407xx.o [1]
  .text              ro code  0x08001570     0x4  startup_stm32f407xx.o [1]
  .text              ro code  0x08001574     0x4  startup_stm32f407xx.o [1]
  .text              ro code  0x08001578     0x4  startup_stm32f407xx.o [1]
  .text              ro code  0x0800157c     0x4  startup_stm32f407xx.o [1]
  .text              ro code  0x08001580     0x4  startup_stm32f407xx.o [1]
  .text              ro code  0x08001584     0x4  startup_stm32f407xx.o [1]
  .text              ro code  0x08001588     0x4  startup_stm32f407xx.o [1]
  .text              ro code  0x0800158c     0x4  startup_stm32f407xx.o [1]
  .text              ro code  0x08001590     0x4  startup_stm32f407xx.o [1]
  .text              ro code  0x08001594     0x4  startup_stm32f407xx.o [1]
  .text              ro code  0x08001598     0x4  startup_stm32f407xx.o [1]
  .text              ro code  0x0800159c     0x4  startup_stm32f407xx.o [1]
  .text              ro code  0x080015a0     0x4  startup_stm32f407xx.o [1]
  .text              ro code  0x080015a4     0x4  startup_stm32f407xx.o [1]
  .text              ro code  0x080015a8     0x4  startup_stm32f407xx.o [1]
  .text              ro code  0x080015ac     0x4  startup_stm32f407xx.o [1]
  .text              ro code  0x080015b0     0x4  startup_stm32f407xx.o [1]
  .text              ro code  0x080015b4     0x4  startup_stm32f407xx.o [1]
  Initializer bytes  const    0x080015b8     0x4  <for P2-1>
  .rodata            const    0x080015bc     0x0  zero_init3.o [5]
  .rodata            const    0x080015bc     0x0  copy_init3.o [5]
                            - 0x080015bc  0x1434

"P2", part 1 of 3:                           0x4
  P2-1                        0x20000000     0x4  <Init block>
    .data            inited   0x20000000     0x4  system_stm32f4xx.o [1]
                            - 0x20000004     0x4

"P2", part 2 of 3:                         0x400
  CSTACK                      0x20000008   0x400  <Block>
    CSTACK           uninit   0x20000008   0x400  <Block tail>
                            - 0x20000408   0x400

"P2", part 3 of 3:                          0xac
  .bss               zero     0x20000408    0xa8  main.o [1]
  .bss               zero     0x200004b0     0x4  stm32f4xx_hal.o [1]
                            - 0x200004b4    0xac


*******************************************************************************
*** INIT TABLE
***

          Address     Size
          -------     ----
Zero (__iar_zero_init3)
    1 destination range, total size 0xac:
          0x20000408  0xac

Copy (__iar_copy_init3)
    1 source range, total size 0x4:
          0x080015b8   0x4
    1 destination range, total size 0x4:
          0x20000000   0x4



*******************************************************************************
*** MODULE SUMMARY
***

    Module                  ro code  ro data  rw data
    ------                  -------  -------  -------
C:\Users\Youssef\Desktop\gps2\EWARM\gps2\Obj: [1]
    main.o                      860               168
    startup_stm32f407xx.o       760
    stm32f4xx_hal.o             144                 4
    stm32f4xx_hal_cortex.o      222
    stm32f4xx_hal_dma.o          36
    stm32f4xx_hal_gpio.o        472
    stm32f4xx_hal_msp.o         196
    stm32f4xx_hal_rcc.o       1 140
    stm32f4xx_hal_uart.o      1 168
    stm32f4xx_it.o               48
    system_stm32f4xx.o           80        4        4
    -------------------------------------------------
    Total:                    5 126        4      176

command line: [2]
    -------------------------------------------------
    Total:

dl7M_tlf.a: [3]
    exit.o                        4
    low_level_init.o              4
    -------------------------------------------------
    Total:                        8

m7M_tls.a: [4]
    fpinit_M.o                   34
    -------------------------------------------------
    Total:                       34

rt7M_tl.a: [5]
    ABImemclr4.o                  6
    ABImemset48.o                50
    cexit.o                      10
    cmain.o                      26
    copy_init3.o                 44
    cstartup_M.o                 12
    data_init.o                  40
    strcmp_unaligned.o           66
    zero_init3.o                 64
    -------------------------------------------------
    Total:                      318

shb_l.a: [6]
    exit.o                       20
    -------------------------------------------------
    Total:                       20

    Gaps                         16        2
    Linker created                        36    1 024
-----------------------------------------------------
    Grand Total:              5 522       42    1 200


*******************************************************************************
*** ENTRY LIST
***

Entry                      Address   Size  Type      Object
-----                      -------   ----  ----      ------
.iar.init_table$$Base   0x080013d4          --   Gb  - Linker created -
.iar.init_table$$Limit  0x080013f8          --   Gb  - Linker created -
?main                   0x080013f9         Code  Gb  cmain.o [5]
APBAHBPrescTable        0x0800087c   0x10  Data  Gb  stm32f4xx_hal_rcc.o [1]
CSTACK$$Base            0x20000008          --   Gb  - Linker created -
CSTACK$$Limit           0x20000408          --   Gb  - Linker created -
HAL_DMA_Abort_IT        0x080006d9   0x24  Code  Gb  stm32f4xx_hal_dma.o [1]
HAL_Delay               0x08000f5d   0x18  Code  Wk  stm32f4xx_hal.o [1]
HAL_GPIO_Init           0x080009c1  0x1a4  Code  Gb  stm32f4xx_hal_gpio.o [1]
HAL_GPIO_WritePin       0x08000b65    0x8  Code  Gb  stm32f4xx_hal_gpio.o [1]
HAL_GetTick             0x08000b99    0xc  Code  Wk  stm32f4xx_hal.o [1]
HAL_IncTick             0x0800134d   0x10  Code  Wk  stm32f4xx_hal.o [1]
HAL_Init                0x08000f29   0x30  Code  Gb  stm32f4xx_hal.o [1]
HAL_InitTick            0x08000ba5   0x28  Code  Wk  stm32f4xx_hal.o [1]
HAL_MspInit             0x08000615   0x60  Code  Gb  stm32f4xx_hal_msp.o [1]
HAL_NVIC_EnableIRQ      0x0800094f    0xc  Code  Gb  stm32f4xx_hal_cortex.o [1]
HAL_NVIC_SetPriority    0x08000915   0x3a  Code  Gb  stm32f4xx_hal_cortex.o [1]
HAL_NVIC_SetPriorityGrouping
                        0x080008fb   0x1a  Code  Gb  stm32f4xx_hal_cortex.o [1]
HAL_RCC_ClockConfig     0x08000705  0x12c  Code  Gb  stm32f4xx_hal_rcc.o [1]
HAL_RCC_GetHCLKFreq     0x0800083f    0x6  Code  Gb  stm32f4xx_hal_rcc.o [1]
HAL_RCC_GetPCLK1Freq    0x08000845   0x12  Code  Gb  stm32f4xx_hal_rcc.o [1]
HAL_RCC_GetPCLK2Freq    0x08000857   0x10  Code  Gb  stm32f4xx_hal_rcc.o [1]
HAL_RCC_GetSysClockFreq
                        0x0800088d   0x54  Code  Wk  stm32f4xx_hal_rcc.o [1]
HAL_RCC_OscConfig       0x08000fc1  0x298  Code  Wk  stm32f4xx_hal_rcc.o [1]
HAL_SYSTICK_CLKSourceConfig
                        0x0800098b   0x14  Code  Gb  stm32f4xx_hal_cortex.o [1]
HAL_SYSTICK_Callback    0x080009bd    0x2  Code  Wk  stm32f4xx_hal_cortex.o [1]
HAL_SYSTICK_Config      0x08000963   0x28  Code  Gb  stm32f4xx_hal_cortex.o [1]
HAL_SYSTICK_IRQHandler  0x080009b9    0x4  Code  Gb  stm32f4xx_hal_cortex.o [1]
HAL_UART_ErrorCallback  0x080006fd    0x2  Code  Wk  stm32f4xx_hal_uart.o [1]
HAL_UART_IRQHandler     0x08000293  0x14e  Code  Gb  stm32f4xx_hal_uart.o [1]
HAL_UART_Init           0x08000189   0x28  Code  Gb  stm32f4xx_hal_uart.o [1]
HAL_UART_MspInit        0x08000675   0x56  Code  Gb  stm32f4xx_hal_msp.o [1]
HAL_UART_Receive_IT     0x08000237   0x4a  Code  Gb  stm32f4xx_hal_uart.o [1]
HAL_UART_RxCpltCallback
                        0x08000701    0x2  Code  Wk  stm32f4xx_hal_uart.o [1]
HAL_UART_Transmit_IT    0x080001f7   0x40  Code  Gb  stm32f4xx_hal_uart.o [1]
HAL_UART_TxCpltCallback
                        0x080006ff    0x2  Code  Wk  stm32f4xx_hal_uart.o [1]
MX_GPIO_Init            0x08000cfb  0x1a2  Code  Lc  main.o [1]
NVIC_SetPriority        0x080008e1   0x1a  Code  Lc  stm32f4xx_hal_cortex.o [1]
Region$$Table$$Base     0x080013d4          --   Gb  - Linker created -
Region$$Table$$Limit    0x080013f8          --   Gb  - Linker created -
SysTick_Handler         0x0800131d    0xe  Code  Gb  stm32f4xx_it.o [1]
SystemClock_Config      0x08000c4f   0xac  Code  Gb  main.o [1]
SystemCoreClock         0x20000000    0x4  Data  Gb  system_stm32f4xx.o [1]
SystemInit              0x0800128d   0x3a  Code  Gb  system_stm32f4xx.o [1]
UART_DMAAbortOnError    0x08000401    0xc  Code  Lc  stm32f4xx_hal_uart.o [1]
UART_EndRxTransfer      0x080003e1   0x1c  Code  Lc  stm32f4xx_hal_uart.o [1]
UART_Receive_IT         0x0800040d   0x88  Code  Lc  stm32f4xx_hal_uart.o [1]
UART_SetConfig          0x08000495  0x13a  Code  Lc  stm32f4xx_hal_uart.o [1]
USART2_IRQHandler       0x0800132b   0x18  Code  Gb  stm32f4xx_it.o [1]
__aeabi_memclr4         0x08000f75         Code  Gb  ABImemclr4.o [5]
__cmain                 0x080013f9         Code  Gb  cmain.o [5]
__exit                  0x08001429   0x14  Code  Gb  exit.o [6]
__iar_Memset4_word      0x08001259         Code  Gb  ABImemset48.o [5]
__iar_Memset8_word      0x08001259         Code  Gb  ABImemset48.o [5]
__iar_copy_init3        0x0800135d   0x2c  Code  Gb  copy_init3.o [5]
__iar_data_init3        0x08001389   0x28  Code  Gb  data_init.o [5]
__iar_init_vfp          0x080013b1         Code  Gb  fpinit_M.o [4]
__iar_program_start     0x0800144d         Code  Gb  cstartup_M.o [5]
__iar_unaligned_strcmp  0x08000f7d         Code  Gb  strcmp_unaligned.o [5]
__iar_zero_init3        0x080012dd   0x40  Code  Gb  zero_init3.o [5]
__low_level_init        0x08001413    0x4  Code  Gb  low_level_init.o [3]
__vector_table          0x08000000         Data  Gb  startup_stm32f407xx.o [1]
_call_main              0x08001405         Code  Gb  cmain.o [5]
_exit                   0x0800141d         Code  Gb  cexit.o [5]
_main                   0x0800140f         Code  Gb  cmain.o [5]
bufferRx_GSM            0x2000044c   0x64  Data  Gb  main.o [1]
exit                    0x08001417    0x4  Code  Gb  exit.o [3]
huart2                  0x20000408   0x40  Data  Gb  main.o [1]
i                       0x20000448    0x4  Data  Gb  main.o [1]
main                    0x08000bcd   0x78  Code  Gb  main.o [1]
uwTick                  0x200004b0    0x4  Data  Gb  stm32f4xx_hal.o [1]


[1] = C:\Users\Youssef\Desktop\gps2\EWARM\gps2\Obj
[2] = command line
[3] = dl7M_tlf.a
[4] = m7M_tls.a
[5] = rt7M_tl.a
[6] = shb_l.a

  5 522 bytes of readonly  code memory
     42 bytes of readonly  data memory
  1 200 bytes of readwrite data memory

Errors: none
Warnings: none
