###############################################################################
#
# IAR ELF Linker V7.70.2.11706/W32 for ARM                14/Jan/2017  15:39:09
# Copyright 2007-2016 IAR Systems AB.
#
#    Output file  =  C:\Users\Youssef\Desktop\gps2\EWARM\gps2\Exe\gps2.out
#    Map file     =  C:\Users\Youssef\Desktop\gps2\EWARM\gps2\List\gps2.map
#    Command line =  
#        C:\Users\Youssef\Desktop\gps2\EWARM\gps2\Obj\main.o
#        C:\Users\Youssef\Desktop\gps2\EWARM\gps2\Obj\startup_stm32f407xx.o
#        C:\Users\Youssef\Desktop\gps2\EWARM\gps2\Obj\stm32f4xx_hal.o
#        C:\Users\Youssef\Desktop\gps2\EWARM\gps2\Obj\stm32f4xx_hal_cortex.o
#        C:\Users\Youssef\Desktop\gps2\EWARM\gps2\Obj\stm32f4xx_hal_dma.o
#        C:\Users\Youssef\Desktop\gps2\EWARM\gps2\Obj\stm32f4xx_hal_dma_ex.o
#        C:\Users\Youssef\Desktop\gps2\EWARM\gps2\Obj\stm32f4xx_hal_flash.o
#        C:\Users\Youssef\Desktop\gps2\EWARM\gps2\Obj\stm32f4xx_hal_flash_ex.o
#        C:\Users\Youssef\Desktop\gps2\EWARM\gps2\Obj\stm32f4xx_hal_flash_ramfunc.o
#        C:\Users\Youssef\Desktop\gps2\EWARM\gps2\Obj\stm32f4xx_hal_gpio.o
#        C:\Users\Youssef\Desktop\gps2\EWARM\gps2\Obj\stm32f4xx_hal_msp.o
#        C:\Users\Youssef\Desktop\gps2\EWARM\gps2\Obj\stm32f4xx_hal_pwr.o
#        C:\Users\Youssef\Desktop\gps2\EWARM\gps2\Obj\stm32f4xx_hal_pwr_ex.o
#        C:\Users\Youssef\Desktop\gps2\EWARM\gps2\Obj\stm32f4xx_hal_rcc.o
#        C:\Users\Youssef\Desktop\gps2\EWARM\gps2\Obj\stm32f4xx_hal_rcc_ex.o
#        C:\Users\Youssef\Desktop\gps2\EWARM\gps2\Obj\stm32f4xx_hal_tim.o
#        C:\Users\Youssef\Desktop\gps2\EWARM\gps2\Obj\stm32f4xx_hal_tim_ex.o
#        C:\Users\Youssef\Desktop\gps2\EWARM\gps2\Obj\stm32f4xx_hal_uart.o
#        C:\Users\Youssef\Desktop\gps2\EWARM\gps2\Obj\stm32f4xx_it.o
#        C:\Users\Youssef\Desktop\gps2\EWARM\gps2\Obj\system_stm32f4xx.o
#        --redirect _Printf=_PrintfFull --redirect _Scanf=_ScanfFull -o
#        C:\Users\Youssef\Desktop\gps2\EWARM\gps2\Exe\gps2.out --map
#        C:\Users\Youssef\Desktop\gps2\EWARM\gps2\List\gps2.map --config
#        C:\Users\Youssef\Desktop\gps2\EWARM/stm32f407xx_flash.icf
#        --semihosting --entry __iar_program_start --vfe
#
###############################################################################

*******************************************************************************
*** RUNTIME MODEL ATTRIBUTES
***

CppFlavor       = *
__SystemLibrary = DLib


*******************************************************************************
*** PLACEMENT SUMMARY
***

"A0":  place at 0x08000000 { ro section .intvec };
"P1":  place in [from 0x08000000 to 0x080fffff] { ro };
"P2":  place in [from 0x20000000 to 0x2001ffff] { rw, block CSTACK, block HEAP };
initialize by copy { rw };

  Section            Kind        Address    Size  Object
  -------            ----        -------    ----  ------
"A0":                                      0x188
  .intvec            ro code  0x08000000   0x188  startup_stm32f407xx.o [1]
                            - 0x08000188   0x188

"P1":                                     0x14c0
  .text              ro code  0x08000188   0x48a  stm32f4xx_hal_uart.o [1]
  .text              ro code  0x08000614    0xc4  stm32f4xx_hal_msp.o [1]
  .text              ro code  0x080006d8    0x24  stm32f4xx_hal_dma.o [1]
  .text              ro code  0x080006fc     0x2  stm32f4xx_hal_uart.o [1]
  .text              ro code  0x080006fe     0x2  stm32f4xx_hal_uart.o [1]
  .text              ro code  0x08000700     0x2  stm32f4xx_hal_uart.o [1]
  .text              ro code  0x08000704   0x1dc  stm32f4xx_hal_rcc.o [1]
  .text              ro code  0x080008e0    0xde  stm32f4xx_hal_cortex.o [1]
  .text              ro code  0x080009c0   0x1d8  stm32f4xx_hal_gpio.o [1]
  .text              ro code  0x08000b98     0xc  stm32f4xx_hal.o [1]
  .text              ro code  0x08000ba4    0x28  stm32f4xx_hal.o [1]
  .text              ro code  0x08000bcc   0x36e  main.o [1]
  .text              ro code  0x08000f3c    0x34  stm32f4xx_hal.o [1]
  .text              ro code  0x08000f70    0x18  stm32f4xx_hal.o [1]
  .text              ro code  0x08000f88    0x3a  ABImemset48.o [5]
  .text              ro code  0x08000fc4    0x76  ABImemcpy_unaligned.o [5]
  .text              ro code  0x0800103a    0x2e  strstr.o [3]
  .text              ro code  0x08001068   0x298  stm32f4xx_hal_rcc.o [1]
  .text              ro code  0x08001300    0x16  strchr.o [5]
  .text              ro code  0x08001318    0x50  system_stm32f4xx.o [1]
  .text              ro code  0x08001368    0x40  zero_init3.o [5]
  .text              ro code  0x080013a8    0x30  stm32f4xx_it.o [1]
  .text              ro code  0x080013d8    0x10  stm32f4xx_hal.o [1]
  .text              ro code  0x080013e8    0x2c  copy_init3.o [5]
  .text              ro code  0x08001414    0x28  data_init.o [5]
  .text              ro code  0x0800143c    0x22  fpinit_M.o [4]
  .iar.init_table    const    0x08001460    0x24  - Linker created -
  .text              ro code  0x08001484    0x1a  cmain.o [5]
  .text              ro code  0x0800149e     0x4  low_level_init.o [3]
  .text              ro code  0x080014a2     0x4  exit.o [3]
  .text              ro code  0x080014a8     0xa  cexit.o [5]
  .text              ro code  0x080014b4    0x14  exit.o [6]
  .text              ro code  0x080014c8    0x10  startup_stm32f407xx.o [1]
  .text              ro code  0x080014d8     0xc  cstartup_M.o [5]
  .text              ro code  0x080014e4     0x4  startup_stm32f407xx.o [1]
  .text              ro code  0x080014e8     0x4  startup_stm32f407xx.o [1]
  .text              ro code  0x080014ec     0x4  startup_stm32f407xx.o [1]
  .text              ro code  0x080014f0     0x4  startup_stm32f407xx.o [1]
  .text              ro code  0x080014f4     0x4  startup_stm32f407xx.o [1]
  .text              ro code  0x080014f8     0x4  startup_stm32f407xx.o [1]
  .text              ro code  0x080014fc     0x4  startup_stm32f407xx.o [1]
  .text              ro code  0x08001500     0x4  startup_stm32f407xx.o [1]
  .text              ro code  0x08001504     0x4  startup_stm32f407xx.o [1]
  .text              ro code  0x08001508     0x4  startup_stm32f407xx.o [1]
  .text              ro code  0x0800150c     0x4  startup_stm32f407xx.o [1]
  .text              ro code  0x08001510     0x4  startup_stm32f407xx.o [1]
  .text              ro code  0x08001514     0x4  startup_stm32f407xx.o [1]
  .text              ro code  0x08001518     0x4  startup_stm32f407xx.o [1]
  .text              ro code  0x0800151c     0x4  startup_stm32f407xx.o [1]
  .text              ro code  0x08001520     0x4  startup_stm32f407xx.o [1]
  .text              ro code  0x08001524     0x4  startup_stm32f407xx.o [1]
  .text              ro code  0x08001528     0x4  startup_stm32f407xx.o [1]
  .text              ro code  0x0800152c     0x4  startup_stm32f407xx.o [1]
  .text              ro code  0x08001530     0x4  startup_stm32f407xx.o [1]
  .text              ro code  0x08001534     0x4  startup_stm32f407xx.o [1]
  .text              ro code  0x08001538     0x4  startup_stm32f407xx.o [1]
  .text              ro code  0x0800153c     0x4  startup_stm32f407xx.o [1]
  .text              ro code  0x08001540     0x4  startup_stm32f407xx.o [1]
  .text              ro code  0x08001544     0x4  startup_stm32f407xx.o [1]
  .text              ro code  0x08001548     0x4  startup_stm32f407xx.o [1]
  .text              ro code  0x0800154c     0x4  startup_stm32f407xx.o [1]
  .text              ro code  0x08001550     0x4  startup_stm32f407xx.o [1]
  .text              ro code  0x08001554     0x4  startup_stm32f407xx.o [1]
  .text              ro code  0x08001558     0x4  startup_stm32f407xx.o [1]
  .text              ro code  0x0800155c     0x4  startup_stm32f407xx.o [1]
  .text              ro code  0x08001560     0x4  startup_stm32f407xx.o [1]
  .text              ro code  0x08001564     0x4  startup_stm32f407xx.o [1]
  .text              ro code  0x08001568     0x4  startup_stm32f407xx.o [1]
  .text              ro code  0x0800156c     0x4  startup_stm32f407xx.o [1]
  .text              ro code  0x08001570     0x4  startup_stm32f407xx.o [1]
  .text              ro code  0x08001574     0x4  startup_stm32f407xx.o [1]
  .text              ro code  0x08001578     0x4  startup_stm32f407xx.o [1]
  .text              ro code  0x0800157c     0x4  startup_stm32f407xx.o [1]
  .text              ro code  0x08001580     0x4  startup_stm32f407xx.o [1]
  .text              ro code  0x08001584     0x4  startup_stm32f407xx.o [1]
  .text              ro code  0x08001588     0x4  startup_stm32f407xx.o [1]
  .text              ro code  0x0800158c     0x4  startup_stm32f407xx.o [1]
  .text              ro code  0x08001590     0x4  startup_stm32f407xx.o [1]
  .text              ro code  0x08001594     0x4  startup_stm32f407xx.o [1]
  .text              ro code  0x08001598     0x4  startup_stm32f407xx.o [1]
  .text              ro code  0x0800159c     0x4  startup_stm32f407xx.o [1]
  .text              ro code  0x080015a0     0x4  startup_stm32f407xx.o [1]
  .text              ro code  0x080015a4     0x4  startup_stm32f407xx.o [1]
  .text              ro code  0x080015a8     0x4  startup_stm32f407xx.o [1]
  .text              ro code  0x080015ac     0x4  startup_stm32f407xx.o [1]
  .text              ro code  0x080015b0     0x4  startup_stm32f407xx.o [1]
  .text              ro code  0x080015b4     0x4  startup_stm32f407xx.o [1]
  .text              ro code  0x080015b8     0x4  startup_stm32f407xx.o [1]
  .text              ro code  0x080015bc     0x4  startup_stm32f407xx.o [1]
  .text              ro code  0x080015c0     0x4  startup_stm32f407xx.o [1]
  .text              ro code  0x080015c4     0x4  startup_stm32f407xx.o [1]
  .text              ro code  0x080015c8     0x4  startup_stm32f407xx.o [1]
  .text              ro code  0x080015cc     0x4  startup_stm32f407xx.o [1]
  .text              ro code  0x080015d0     0x4  startup_stm32f407xx.o [1]
  .text              ro code  0x080015d4     0x4  startup_stm32f407xx.o [1]
  .text              ro code  0x080015d8     0x4  startup_stm32f407xx.o [1]
  .text              ro code  0x080015dc     0x4  startup_stm32f407xx.o [1]
  .text              ro code  0x080015e0     0x4  startup_stm32f407xx.o [1]
  .text              ro code  0x080015e4     0x4  startup_stm32f407xx.o [1]
  .text              ro code  0x080015e8     0x4  startup_stm32f407xx.o [1]
  .text              ro code  0x080015ec     0x4  startup_stm32f407xx.o [1]
  .text              ro code  0x080015f0     0x4  startup_stm32f407xx.o [1]
  .text              ro code  0x080015f4     0x4  startup_stm32f407xx.o [1]
  .text              ro code  0x080015f8     0x4  startup_stm32f407xx.o [1]
  .text              ro code  0x080015fc     0x4  startup_stm32f407xx.o [1]
  .text              ro code  0x08001600     0x4  startup_stm32f407xx.o [1]
  .text              ro code  0x08001604     0x4  startup_stm32f407xx.o [1]
  .text              ro code  0x08001608     0x4  startup_stm32f407xx.o [1]
  .text              ro code  0x0800160c     0x4  startup_stm32f407xx.o [1]
  .text              ro code  0x08001610     0x4  startup_stm32f407xx.o [1]
  .text              ro code  0x08001614     0x4  startup_stm32f407xx.o [1]
  .text              ro code  0x08001618     0x4  startup_stm32f407xx.o [1]
  .text              ro code  0x0800161c     0x4  startup_stm32f407xx.o [1]
  .text              ro code  0x08001620     0x4  startup_stm32f407xx.o [1]
  .text              ro code  0x08001624     0x4  startup_stm32f407xx.o [1]
  .text              ro code  0x08001628     0x4  startup_stm32f407xx.o [1]
  .text              ro code  0x0800162c     0x4  startup_stm32f407xx.o [1]
  .text              ro code  0x08001630     0x4  startup_stm32f407xx.o [1]
  .text              ro code  0x08001634     0x4  startup_stm32f407xx.o [1]
  .text              ro code  0x08001638     0x4  startup_stm32f407xx.o [1]
  .text              ro code  0x0800163c     0x4  startup_stm32f407xx.o [1]
  .text              ro code  0x08001640     0x4  startup_stm32f407xx.o [1]
  Initializer bytes  const    0x08001644     0x4  <for P2-1>
  .rodata            const    0x08001648     0x0  zero_init3.o [5]
  .rodata            const    0x08001648     0x0  copy_init3.o [5]
                            - 0x08001648  0x14c0

"P2", part 1 of 3:                           0x4
  P2-1                        0x20000000     0x4  <Init block>
    .data            inited   0x20000000     0x4  system_stm32f4xx.o [1]
                            - 0x20000004     0x4

"P2", part 2 of 3:                         0x400
  CSTACK                      0x20000008   0x400  <Block>
    CSTACK           uninit   0x20000008   0x400  <Block tail>
                            - 0x20000408   0x400

"P2", part 3 of 3:                          0xec
  .bss               zero     0x20000408    0xe8  main.o [1]
  .bss               zero     0x200004f0     0x4  stm32f4xx_hal.o [1]
                            - 0x200004f4    0xec


*******************************************************************************
*** INIT TABLE
***

          Address     Size
          -------     ----
Zero (__iar_zero_init3)
    1 destination range, total size 0xec:
          0x20000408  0xec

Copy (__iar_copy_init3)
    1 source range, total size 0x4:
          0x08001644   0x4
    1 destination range, total size 0x4:
          0x20000000   0x4



*******************************************************************************
*** MODULE SUMMARY
***

    Module                  ro code  ro data  rw data
    ------                  -------  -------  -------
C:\Users\Youssef\Desktop\gps2\EWARM\gps2\Obj: [1]
    main.o                      878               232
    startup_stm32f407xx.o       760
    stm32f4xx_hal.o             144                 4
    stm32f4xx_hal_cortex.o      222
    stm32f4xx_hal_dma.o          36
    stm32f4xx_hal_gpio.o        472
    stm32f4xx_hal_msp.o         196
    stm32f4xx_hal_rcc.o       1 140
    stm32f4xx_hal_uart.o      1 168
    stm32f4xx_it.o               48
    system_stm32f4xx.o           80        4        4
    -------------------------------------------------
    Total:                    5 144        4      240

command line: [2]
    -------------------------------------------------
    Total:

dl7M_tlf.a: [3]
    exit.o                        4
    low_level_init.o              4
    strstr.o                     46
    -------------------------------------------------
    Total:                       54

m7M_tls.a: [4]
    fpinit_M.o                   34
    -------------------------------------------------
    Total:                       34

rt7M_tl.a: [5]
    ABImemcpy_unaligned.o       118
    ABImemset48.o                58
    cexit.o                      10
    cmain.o                      26
    copy_init3.o                 44
    cstartup_M.o                 12
    data_init.o                  40
    strchr.o                     22
    zero_init3.o                 64
    -------------------------------------------------
    Total:                      394

shb_l.a: [6]
    exit.o                       20
    -------------------------------------------------
    Total:                       20

    Gaps                         16        2
    Linker created                        36    1 024
-----------------------------------------------------
    Grand Total:              5 662       42    1 264


*******************************************************************************
*** ENTRY LIST
***

Entry                      Address   Size  Type      Object
-----                      -------   ----  ----      ------
.iar.init_table$$Base   0x08001460          --   Gb  - Linker created -
.iar.init_table$$Limit  0x08001484          --   Gb  - Linker created -
?main                   0x08001485         Code  Gb  cmain.o [5]
APBAHBPrescTable        0x0800087c   0x10  Data  Gb  stm32f4xx_hal_rcc.o [1]
CSTACK$$Base            0x20000008          --   Gb  - Linker created -
CSTACK$$Limit           0x20000408          --   Gb  - Linker created -
HAL_DMA_Abort_IT        0x080006d9   0x24  Code  Gb  stm32f4xx_hal_dma.o [1]
HAL_Delay               0x08000f71   0x18  Code  Wk  stm32f4xx_hal.o [1]
HAL_GPIO_Init           0x080009c1  0x1a4  Code  Gb  stm32f4xx_hal_gpio.o [1]
HAL_GPIO_WritePin       0x08000b65    0x8  Code  Gb  stm32f4xx_hal_gpio.o [1]
HAL_GetTick             0x08000b99    0xc  Code  Wk  stm32f4xx_hal.o [1]
HAL_IncTick             0x080013d9   0x10  Code  Wk  stm32f4xx_hal.o [1]
HAL_Init                0x08000f3d   0x30  Code  Gb  stm32f4xx_hal.o [1]
HAL_InitTick            0x08000ba5   0x28  Code  Wk  stm32f4xx_hal.o [1]
HAL_MspInit             0x08000615   0x60  Code  Gb  stm32f4xx_hal_msp.o [1]
HAL_NVIC_EnableIRQ      0x0800094f    0xc  Code  Gb  stm32f4xx_hal_cortex.o [1]
HAL_NVIC_SetPriority    0x08000915   0x3a  Code  Gb  stm32f4xx_hal_cortex.o [1]
HAL_NVIC_SetPriorityGrouping
                        0x080008fb   0x1a  Code  Gb  stm32f4xx_hal_cortex.o [1]
HAL_RCC_ClockConfig     0x08000705  0x12c  Code  Gb  stm32f4xx_hal_rcc.o [1]
HAL_RCC_GetHCLKFreq     0x0800083f    0x6  Code  Gb  stm32f4xx_hal_rcc.o [1]
HAL_RCC_GetPCLK1Freq    0x08000845   0x12  Code  Gb  stm32f4xx_hal_rcc.o [1]
HAL_RCC_GetPCLK2Freq    0x08000857   0x10  Code  Gb  stm32f4xx_hal_rcc.o [1]
HAL_RCC_GetSysClockFreq
                        0x0800088d   0x54  Code  Wk  stm32f4xx_hal_rcc.o [1]
HAL_RCC_OscConfig       0x08001069  0x298  Code  Wk  stm32f4xx_hal_rcc.o [1]
HAL_SYSTICK_CLKSourceConfig
                        0x0800098b   0x14  Code  Gb  stm32f4xx_hal_cortex.o [1]
HAL_SYSTICK_Callback    0x080009bd    0x2  Code  Wk  stm32f4xx_hal_cortex.o [1]
HAL_SYSTICK_Config      0x08000963   0x28  Code  Gb  stm32f4xx_hal_cortex.o [1]
HAL_SYSTICK_IRQHandler  0x080009b9    0x4  Code  Gb  stm32f4xx_hal_cortex.o [1]
HAL_UART_ErrorCallback  0x080006fd    0x2  Code  Wk  stm32f4xx_hal_uart.o [1]
HAL_UART_IRQHandler     0x08000293  0x14e  Code  Gb  stm32f4xx_hal_uart.o [1]
HAL_UART_Init           0x08000189   0x28  Code  Gb  stm32f4xx_hal_uart.o [1]
HAL_UART_MspInit        0x08000675   0x56  Code  Gb  stm32f4xx_hal_msp.o [1]
HAL_UART_Receive_IT     0x08000237   0x4a  Code  Gb  stm32f4xx_hal_uart.o [1]
HAL_UART_RxCpltCallback
                        0x08000701    0x2  Code  Wk  stm32f4xx_hal_uart.o [1]
HAL_UART_Transmit_IT    0x080001f7   0x40  Code  Gb  stm32f4xx_hal_uart.o [1]
HAL_UART_TxCpltCallback
                        0x080006ff    0x2  Code  Wk  stm32f4xx_hal_uart.o [1]
MX_GPIO_Init            0x08000d13  0x1aa  Code  Lc  main.o [1]
NVIC_SetPriority        0x080008e1   0x1a  Code  Lc  stm32f4xx_hal_cortex.o [1]
Region$$Table$$Base     0x08001460          --   Gb  - Linker created -
Region$$Table$$Limit    0x08001484          --   Gb  - Linker created -
SysTick_Handler         0x080013a9    0xe  Code  Gb  stm32f4xx_it.o [1]
SystemClock_Config      0x08000c67   0xac  Code  Gb  main.o [1]
SystemCoreClock         0x20000000    0x4  Data  Gb  system_stm32f4xx.o [1]
SystemInit              0x08001319   0x3a  Code  Gb  system_stm32f4xx.o [1]
UART_DMAAbortOnError    0x08000401    0xc  Code  Lc  stm32f4xx_hal_uart.o [1]
UART_EndRxTransfer      0x080003e1   0x1c  Code  Lc  stm32f4xx_hal_uart.o [1]
UART_Receive_IT         0x0800040d   0x88  Code  Lc  stm32f4xx_hal_uart.o [1]
UART_SetConfig          0x08000495  0x13a  Code  Lc  stm32f4xx_hal_uart.o [1]
USART2_IRQHandler       0x080013b7   0x18  Code  Gb  stm32f4xx_it.o [1]
__aeabi_memset4         0x08000f89         Code  Gb  ABImemset48.o [5]
__aeabi_memset8         0x08000f89         Code  Gb  ABImemset48.o [5]
__cmain                 0x08001485         Code  Gb  cmain.o [5]
__exit                  0x080014b5   0x14  Code  Gb  exit.o [6]
__iar_Memset4_word      0x08000f91         Code  Gb  ABImemset48.o [5]
__iar_Memset8_word      0x08000f91         Code  Gb  ABImemset48.o [5]
__iar_Strchr            0x08001301         Code  Gb  strchr.o [5]
__iar_Strstr            0x0800103b   0x2e  Code  Gb  strstr.o [3]
__iar_copy_init3        0x080013e9   0x2c  Code  Gb  copy_init3.o [5]
__iar_data_init3        0x08001415   0x28  Code  Gb  data_init.o [5]
__iar_init_vfp          0x0800143d         Code  Gb  fpinit_M.o [4]
__iar_program_start     0x080014d9         Code  Gb  cstartup_M.o [5]
__iar_unaligned___aeabi_memcpy
                        0x08000fc5         Code  Gb  ABImemcpy_unaligned.o [5]
__iar_unaligned___aeabi_memcpy4
                        0x08000fe5         Code  Gb  ABImemcpy_unaligned.o [5]
__iar_unaligned___aeabi_memcpy8
                        0x08000fe5         Code  Gb  ABImemcpy_unaligned.o [5]
__iar_zero_init3        0x08001369   0x40  Code  Gb  zero_init3.o [5]
__low_level_init        0x0800149f    0x4  Code  Gb  low_level_init.o [3]
__vector_table          0x08000000         Data  Gb  startup_stm32f407xx.o [1]
_call_main              0x08001491         Code  Gb  cmain.o [5]
_exit                   0x080014a9         Code  Gb  cexit.o [5]
_main                   0x0800149b         Code  Gb  cmain.o [5]
bufferRx_GSM            0x200004b4   0x3c  Data  Gb  main.o [1]
ch                      0x20000408   0x64  Data  Gb  main.o [1]
exit                    0x080014a3    0x4  Code  Gb  exit.o [3]
huart2                  0x2000046c   0x40  Data  Gb  main.o [1]
i                       0x200004ac    0x4  Data  Gb  main.o [1]
j                       0x200004b0    0x4  Data  Gb  main.o [1]
main                    0x08000bcd   0x9a  Code  Gb  main.o [1]
strchr                  0x08001301         Code  Gb  strchr.o [5]
uwTick                  0x200004f0    0x4  Data  Gb  stm32f4xx_hal.o [1]


[1] = C:\Users\Youssef\Desktop\gps2\EWARM\gps2\Obj
[2] = command line
[3] = dl7M_tlf.a
[4] = m7M_tls.a
[5] = rt7M_tl.a
[6] = shb_l.a

  5 662 bytes of readonly  code memory
     42 bytes of readonly  data memory
  1 264 bytes of readwrite data memory

Errors: none
Warnings: none
