###############################################################################
#
# IAR ELF Linker V7.70.2.11706/W32 for ARM                24/Jan/2017  16:21:56
# Copyright 2007-2016 IAR Systems AB.
#
#    Output file  =  C:\Users\Youssef\Desktop\gps2\EWARM\gps2\Exe\gps2.out
#    Map file     =  C:\Users\Youssef\Desktop\gps2\EWARM\gps2\List\gps2.map
#    Command line =  
#        C:\Users\Youssef\Desktop\gps2\EWARM\gps2\Obj\main.o
#        C:\Users\Youssef\Desktop\gps2\EWARM\gps2\Obj\startup_stm32f407xx.o
#        C:\Users\Youssef\Desktop\gps2\EWARM\gps2\Obj\stm32f4xx_hal.o
#        C:\Users\Youssef\Desktop\gps2\EWARM\gps2\Obj\stm32f4xx_hal_cortex.o
#        C:\Users\Youssef\Desktop\gps2\EWARM\gps2\Obj\stm32f4xx_hal_dma.o
#        C:\Users\Youssef\Desktop\gps2\EWARM\gps2\Obj\stm32f4xx_hal_dma_ex.o
#        C:\Users\Youssef\Desktop\gps2\EWARM\gps2\Obj\stm32f4xx_hal_flash.o
#        C:\Users\Youssef\Desktop\gps2\EWARM\gps2\Obj\stm32f4xx_hal_flash_ex.o
#        C:\Users\Youssef\Desktop\gps2\EWARM\gps2\Obj\stm32f4xx_hal_flash_ramfunc.o
#        C:\Users\Youssef\Desktop\gps2\EWARM\gps2\Obj\stm32f4xx_hal_gpio.o
#        C:\Users\Youssef\Desktop\gps2\EWARM\gps2\Obj\stm32f4xx_hal_msp.o
#        C:\Users\Youssef\Desktop\gps2\EWARM\gps2\Obj\stm32f4xx_hal_pwr.o
#        C:\Users\Youssef\Desktop\gps2\EWARM\gps2\Obj\stm32f4xx_hal_pwr_ex.o
#        C:\Users\Youssef\Desktop\gps2\EWARM\gps2\Obj\stm32f4xx_hal_rcc.o
#        C:\Users\Youssef\Desktop\gps2\EWARM\gps2\Obj\stm32f4xx_hal_rcc_ex.o
#        C:\Users\Youssef\Desktop\gps2\EWARM\gps2\Obj\stm32f4xx_hal_tim.o
#        C:\Users\Youssef\Desktop\gps2\EWARM\gps2\Obj\stm32f4xx_hal_tim_ex.o
#        C:\Users\Youssef\Desktop\gps2\EWARM\gps2\Obj\stm32f4xx_hal_uart.o
#        C:\Users\Youssef\Desktop\gps2\EWARM\gps2\Obj\stm32f4xx_it.o
#        C:\Users\Youssef\Desktop\gps2\EWARM\gps2\Obj\system_stm32f4xx.o
#        --redirect _Printf=_PrintfFull --redirect _Scanf=_ScanfFull -o
#        C:\Users\Youssef\Desktop\gps2\EWARM\gps2\Exe\gps2.out --map
#        C:\Users\Youssef\Desktop\gps2\EWARM\gps2\List\gps2.map --config
#        C:\Users\Youssef\Desktop\gps2\EWARM/stm32f407xx_flash.icf
#        --semihosting --entry __iar_program_start --vfe
#
###############################################################################

*******************************************************************************
*** RUNTIME MODEL ATTRIBUTES
***

CppFlavor       = *
__SystemLibrary = DLib


*******************************************************************************
*** PLACEMENT SUMMARY
***

"A0":  place at 0x08000000 { ro section .intvec };
"P1":  place in [from 0x08000000 to 0x080fffff] { ro };
"P2":  place in [from 0x20000000 to 0x2001ffff] { rw, block CSTACK, block HEAP };
initialize by copy { rw };

  Section            Kind        Address    Size  Object
  -------            ----        -------    ----  ------
"A0":                                      0x188
  .intvec            ro code  0x08000000   0x188  startup_stm32f407xx.o [1]
                            - 0x08000188   0x188

"P1":                                     0x1634
  .text              ro code  0x08000188   0x55c  main.o [1]
  .text              ro code  0x080006e4    0x34  stm32f4xx_hal.o [1]
  .text              ro code  0x08000718   0x48a  stm32f4xx_hal_uart.o [1]
  .text              ro code  0x08000ba2    0x18  stm32f4xx_hal.o [1]
  .text              ro code  0x08000bbc    0x42  strcmp_unaligned.o [5]
  .text              ro code  0x08000c00   0x298  stm32f4xx_hal_rcc.o [1]
  .text              ro code  0x08000e98   0x1dc  stm32f4xx_hal_rcc.o [1]
  .text              ro code  0x08001074    0xde  stm32f4xx_hal_cortex.o [1]
  .text              ro code  0x08001154   0x1d8  stm32f4xx_hal_gpio.o [1]
  .text              ro code  0x0800132c     0x6  ABImemclr4.o [5]
  .text              ro code  0x08001334    0x28  stm32f4xx_hal.o [1]
  .text              ro code  0x0800135c    0xc4  stm32f4xx_hal_msp.o [1]
  .text              ro code  0x08001420    0x24  stm32f4xx_hal_dma.o [1]
  .text              ro code  0x08001444     0x2  stm32f4xx_hal_uart.o [1]
  .text              ro code  0x08001446     0x2  stm32f4xx_hal_uart.o [1]
  .text              ro code  0x08001448     0x2  stm32f4xx_hal_uart.o [1]
  .text              ro code  0x0800144c     0xc  stm32f4xx_hal.o [1]
  .text              ro code  0x08001458    0x32  ABImemset48.o [5]
  .text              ro code  0x0800148c    0x50  system_stm32f4xx.o [1]
  .text              ro code  0x080014dc    0x40  zero_init3.o [5]
  .text              ro code  0x0800151c    0x30  stm32f4xx_it.o [1]
  .text              ro code  0x0800154c    0x10  stm32f4xx_hal.o [1]
  .text              ro code  0x0800155c    0x2c  copy_init3.o [5]
  .text              ro code  0x08001588    0x28  data_init.o [5]
  .text              ro code  0x080015b0    0x22  fpinit_M.o [4]
  .iar.init_table    const    0x080015d4    0x24  - Linker created -
  .text              ro code  0x080015f8    0x1a  cmain.o [5]
  .text              ro code  0x08001612     0x4  low_level_init.o [3]
  .text              ro code  0x08001616     0x4  exit.o [3]
  .text              ro code  0x0800161c     0xa  cexit.o [5]
  .text              ro code  0x08001628    0x14  exit.o [6]
  .text              ro code  0x0800163c    0x10  startup_stm32f407xx.o [1]
  .text              ro code  0x0800164c     0xc  cstartup_M.o [5]
  .text              ro code  0x08001658     0x4  startup_stm32f407xx.o [1]
  .text              ro code  0x0800165c     0x4  startup_stm32f407xx.o [1]
  .text              ro code  0x08001660     0x4  startup_stm32f407xx.o [1]
  .text              ro code  0x08001664     0x4  startup_stm32f407xx.o [1]
  .text              ro code  0x08001668     0x4  startup_stm32f407xx.o [1]
  .text              ro code  0x0800166c     0x4  startup_stm32f407xx.o [1]
  .text              ro code  0x08001670     0x4  startup_stm32f407xx.o [1]
  .text              ro code  0x08001674     0x4  startup_stm32f407xx.o [1]
  .text              ro code  0x08001678     0x4  startup_stm32f407xx.o [1]
  .text              ro code  0x0800167c     0x4  startup_stm32f407xx.o [1]
  .text              ro code  0x08001680     0x4  startup_stm32f407xx.o [1]
  .text              ro code  0x08001684     0x4  startup_stm32f407xx.o [1]
  .text              ro code  0x08001688     0x4  startup_stm32f407xx.o [1]
  .text              ro code  0x0800168c     0x4  startup_stm32f407xx.o [1]
  .text              ro code  0x08001690     0x4  startup_stm32f407xx.o [1]
  .text              ro code  0x08001694     0x4  startup_stm32f407xx.o [1]
  .text              ro code  0x08001698     0x4  startup_stm32f407xx.o [1]
  .text              ro code  0x0800169c     0x4  startup_stm32f407xx.o [1]
  .text              ro code  0x080016a0     0x4  startup_stm32f407xx.o [1]
  .text              ro code  0x080016a4     0x4  startup_stm32f407xx.o [1]
  .text              ro code  0x080016a8     0x4  startup_stm32f407xx.o [1]
  .text              ro code  0x080016ac     0x4  startup_stm32f407xx.o [1]
  .text              ro code  0x080016b0     0x4  startup_stm32f407xx.o [1]
  .text              ro code  0x080016b4     0x4  startup_stm32f407xx.o [1]
  .text              ro code  0x080016b8     0x4  startup_stm32f407xx.o [1]
  .text              ro code  0x080016bc     0x4  startup_stm32f407xx.o [1]
  .text              ro code  0x080016c0     0x4  startup_stm32f407xx.o [1]
  .text              ro code  0x080016c4     0x4  startup_stm32f407xx.o [1]
  .text              ro code  0x080016c8     0x4  startup_stm32f407xx.o [1]
  .text              ro code  0x080016cc     0x4  startup_stm32f407xx.o [1]
  .text              ro code  0x080016d0     0x4  startup_stm32f407xx.o [1]
  .text              ro code  0x080016d4     0x4  startup_stm32f407xx.o [1]
  .text              ro code  0x080016d8     0x4  startup_stm32f407xx.o [1]
  .text              ro code  0x080016dc     0x4  startup_stm32f407xx.o [1]
  .text              ro code  0x080016e0     0x4  startup_stm32f407xx.o [1]
  .text              ro code  0x080016e4     0x4  startup_stm32f407xx.o [1]
  .text              ro code  0x080016e8     0x4  startup_stm32f407xx.o [1]
  .text              ro code  0x080016ec     0x4  startup_stm32f407xx.o [1]
  .text              ro code  0x080016f0     0x4  startup_stm32f407xx.o [1]
  .text              ro code  0x080016f4     0x4  startup_stm32f407xx.o [1]
  .text              ro code  0x080016f8     0x4  startup_stm32f407xx.o [1]
  .text              ro code  0x080016fc     0x4  startup_stm32f407xx.o [1]
  .text              ro code  0x08001700     0x4  startup_stm32f407xx.o [1]
  .text              ro code  0x08001704     0x4  startup_stm32f407xx.o [1]
  .text              ro code  0x08001708     0x4  startup_stm32f407xx.o [1]
  .text              ro code  0x0800170c     0x4  startup_stm32f407xx.o [1]
  .text              ro code  0x08001710     0x4  startup_stm32f407xx.o [1]
  .text              ro code  0x08001714     0x4  startup_stm32f407xx.o [1]
  .text              ro code  0x08001718     0x4  startup_stm32f407xx.o [1]
  .text              ro code  0x0800171c     0x4  startup_stm32f407xx.o [1]
  .text              ro code  0x08001720     0x4  startup_stm32f407xx.o [1]
  .text              ro code  0x08001724     0x4  startup_stm32f407xx.o [1]
  .text              ro code  0x08001728     0x4  startup_stm32f407xx.o [1]
  .text              ro code  0x0800172c     0x4  startup_stm32f407xx.o [1]
  .text              ro code  0x08001730     0x4  startup_stm32f407xx.o [1]
  .text              ro code  0x08001734     0x4  startup_stm32f407xx.o [1]
  .text              ro code  0x08001738     0x4  startup_stm32f407xx.o [1]
  .text              ro code  0x0800173c     0x4  startup_stm32f407xx.o [1]
  .text              ro code  0x08001740     0x4  startup_stm32f407xx.o [1]
  .text              ro code  0x08001744     0x4  startup_stm32f407xx.o [1]
  .text              ro code  0x08001748     0x4  startup_stm32f407xx.o [1]
  .text              ro code  0x0800174c     0x4  startup_stm32f407xx.o [1]
  .text              ro code  0x08001750     0x4  startup_stm32f407xx.o [1]
  .text              ro code  0x08001754     0x4  startup_stm32f407xx.o [1]
  .text              ro code  0x08001758     0x4  startup_stm32f407xx.o [1]
  .text              ro code  0x0800175c     0x4  startup_stm32f407xx.o [1]
  .text              ro code  0x08001760     0x4  startup_stm32f407xx.o [1]
  .text              ro code  0x08001764     0x4  startup_stm32f407xx.o [1]
  .text              ro code  0x08001768     0x4  startup_stm32f407xx.o [1]
  .text              ro code  0x0800176c     0x4  startup_stm32f407xx.o [1]
  .text              ro code  0x08001770     0x4  startup_stm32f407xx.o [1]
  .text              ro code  0x08001774     0x4  startup_stm32f407xx.o [1]
  .text              ro code  0x08001778     0x4  startup_stm32f407xx.o [1]
  .text              ro code  0x0800177c     0x4  startup_stm32f407xx.o [1]
  .text              ro code  0x08001780     0x4  startup_stm32f407xx.o [1]
  .text              ro code  0x08001784     0x4  startup_stm32f407xx.o [1]
  .text              ro code  0x08001788     0x4  startup_stm32f407xx.o [1]
  .text              ro code  0x0800178c     0x4  startup_stm32f407xx.o [1]
  .text              ro code  0x08001790     0x4  startup_stm32f407xx.o [1]
  .text              ro code  0x08001794     0x4  startup_stm32f407xx.o [1]
  .text              ro code  0x08001798     0x4  startup_stm32f407xx.o [1]
  .text              ro code  0x0800179c     0x4  startup_stm32f407xx.o [1]
  .text              ro code  0x080017a0     0x4  startup_stm32f407xx.o [1]
  .text              ro code  0x080017a4     0x4  startup_stm32f407xx.o [1]
  .text              ro code  0x080017a8     0x4  startup_stm32f407xx.o [1]
  .text              ro code  0x080017ac     0x4  startup_stm32f407xx.o [1]
  .text              ro code  0x080017b0     0x4  startup_stm32f407xx.o [1]
  .text              ro code  0x080017b4     0x4  startup_stm32f407xx.o [1]
  Initializer bytes  const    0x080017b8     0x4  <for P2-1>
  .rodata            const    0x080017bc     0x0  zero_init3.o [5]
  .rodata            const    0x080017bc     0x0  copy_init3.o [5]
                            - 0x080017bc  0x1634

"P2", part 1 of 3:                           0x4
  P2-1                        0x20000000     0x4  <Init block>
    .data            inited   0x20000000     0x4  system_stm32f4xx.o [1]
                            - 0x20000004     0x4

"P2", part 2 of 3:                         0x400
  CSTACK                      0x20000008   0x400  <Block>
    CSTACK           uninit   0x20000008   0x400  <Block tail>
                            - 0x20000408   0x400

"P2", part 3 of 3:                         0x240
  .bss               zero     0x20000408   0x23c  main.o [1]
  .bss               zero     0x20000644     0x4  stm32f4xx_hal.o [1]
                            - 0x20000648   0x240


*******************************************************************************
*** INIT TABLE
***

          Address     Size
          -------     ----
Zero (__iar_zero_init3)
    1 destination range, total size 0x240:
          0x20000408  0x240

Copy (__iar_copy_init3)
    1 source range, total size 0x4:
          0x080017b8    0x4
    1 destination range, total size 0x4:
          0x20000000    0x4



*******************************************************************************
*** MODULE SUMMARY
***

    Module                  ro code  ro data  rw data
    ------                  -------  -------  -------
C:\Users\Youssef\Desktop\gps2\EWARM\gps2\Obj: [1]
    main.o                    1 372               572
    startup_stm32f407xx.o       760
    stm32f4xx_hal.o             144                 4
    stm32f4xx_hal_cortex.o      222
    stm32f4xx_hal_dma.o          36
    stm32f4xx_hal_gpio.o        472
    stm32f4xx_hal_msp.o         196
    stm32f4xx_hal_rcc.o       1 140
    stm32f4xx_hal_uart.o      1 168
    stm32f4xx_it.o               48
    system_stm32f4xx.o           80        4        4
    -------------------------------------------------
    Total:                    5 638        4      580

command line: [2]
    -------------------------------------------------
    Total:

dl7M_tlf.a: [3]
    exit.o                        4
    low_level_init.o              4
    -------------------------------------------------
    Total:                        8

m7M_tls.a: [4]
    fpinit_M.o                   34
    -------------------------------------------------
    Total:                       34

rt7M_tl.a: [5]
    ABImemclr4.o                  6
    ABImemset48.o                50
    cexit.o                      10
    cmain.o                      26
    copy_init3.o                 44
    cstartup_M.o                 12
    data_init.o                  40
    strcmp_unaligned.o           66
    zero_init3.o                 64
    -------------------------------------------------
    Total:                      318

shb_l.a: [6]
    exit.o                       20
    -------------------------------------------------
    Total:                       20

    Gaps                         16        2
    Linker created                        36    1 024
-----------------------------------------------------
    Grand Total:              6 034       42    1 604


*******************************************************************************
*** ENTRY LIST
***

Entry                      Address   Size  Type      Object
-----                      -------   ----  ----      ------
.iar.init_table$$Base   0x080015d4          --   Gb  - Linker created -
.iar.init_table$$Limit  0x080015f8          --   Gb  - Linker created -
?main                   0x080015f9         Code  Gb  cmain.o [5]
APBAHBPrescTable        0x08001010   0x10  Data  Gb  stm32f4xx_hal_rcc.o [1]
CSTACK$$Base            0x20000008          --   Gb  - Linker created -
CSTACK$$Limit           0x20000408          --   Gb  - Linker created -
HAL_DMA_Abort_IT        0x08001421   0x24  Code  Gb  stm32f4xx_hal_dma.o [1]
HAL_Delay               0x08000ba3   0x18  Code  Wk  stm32f4xx_hal.o [1]
HAL_GPIO_Init           0x08001155  0x1a4  Code  Gb  stm32f4xx_hal_gpio.o [1]
HAL_GPIO_WritePin       0x080012f9    0x8  Code  Gb  stm32f4xx_hal_gpio.o [1]
HAL_GetTick             0x0800144d    0xc  Code  Wk  stm32f4xx_hal.o [1]
HAL_IncTick             0x0800154d   0x10  Code  Wk  stm32f4xx_hal.o [1]
HAL_Init                0x080006e5   0x30  Code  Gb  stm32f4xx_hal.o [1]
HAL_InitTick            0x08001335   0x28  Code  Wk  stm32f4xx_hal.o [1]
HAL_MspInit             0x0800135d   0x60  Code  Gb  stm32f4xx_hal_msp.o [1]
HAL_NVIC_EnableIRQ      0x080010e3    0xc  Code  Gb  stm32f4xx_hal_cortex.o [1]
HAL_NVIC_SetPriority    0x080010a9   0x3a  Code  Gb  stm32f4xx_hal_cortex.o [1]
HAL_NVIC_SetPriorityGrouping
                        0x0800108f   0x1a  Code  Gb  stm32f4xx_hal_cortex.o [1]
HAL_RCC_ClockConfig     0x08000e99  0x12c  Code  Gb  stm32f4xx_hal_rcc.o [1]
HAL_RCC_GetHCLKFreq     0x08000fd3    0x6  Code  Gb  stm32f4xx_hal_rcc.o [1]
HAL_RCC_GetPCLK1Freq    0x08000fd9   0x12  Code  Gb  stm32f4xx_hal_rcc.o [1]
HAL_RCC_GetPCLK2Freq    0x08000feb   0x10  Code  Gb  stm32f4xx_hal_rcc.o [1]
HAL_RCC_GetSysClockFreq
                        0x08001021   0x54  Code  Wk  stm32f4xx_hal_rcc.o [1]
HAL_RCC_OscConfig       0x08000c01  0x298  Code  Wk  stm32f4xx_hal_rcc.o [1]
HAL_SYSTICK_CLKSourceConfig
                        0x0800111f   0x14  Code  Gb  stm32f4xx_hal_cortex.o [1]
HAL_SYSTICK_Callback    0x08001151    0x2  Code  Wk  stm32f4xx_hal_cortex.o [1]
HAL_SYSTICK_Config      0x080010f7   0x28  Code  Gb  stm32f4xx_hal_cortex.o [1]
HAL_SYSTICK_IRQHandler  0x0800114d    0x4  Code  Gb  stm32f4xx_hal_cortex.o [1]
HAL_UART_ErrorCallback  0x08001445    0x2  Code  Wk  stm32f4xx_hal_uart.o [1]
HAL_UART_IRQHandler     0x08000823  0x14e  Code  Gb  stm32f4xx_hal_uart.o [1]
HAL_UART_Init           0x08000719   0x28  Code  Gb  stm32f4xx_hal_uart.o [1]
HAL_UART_MspInit        0x080013bd   0x56  Code  Gb  stm32f4xx_hal_msp.o [1]
HAL_UART_Receive_IT     0x080007c7   0x4a  Code  Gb  stm32f4xx_hal_uart.o [1]
HAL_UART_RxCpltCallback
                        0x08001449    0x2  Code  Wk  stm32f4xx_hal_uart.o [1]
HAL_UART_Transmit_IT    0x08000787   0x40  Code  Gb  stm32f4xx_hal_uart.o [1]
HAL_UART_TxCpltCallback
                        0x08001447    0x2  Code  Wk  stm32f4xx_hal_uart.o [1]
MX_GPIO_Init            0x08000401  0x1a2  Code  Lc  main.o [1]
NVIC_SetPriority        0x08001075   0x1a  Code  Lc  stm32f4xx_hal_cortex.o [1]
RST_BUFFER              0x080005f3    0xa  Code  Gb  main.o [1]
Region$$Table$$Base     0x080015d4          --   Gb  - Linker created -
Region$$Table$$Limit    0x080015f8          --   Gb  - Linker created -
SysTick_Handler         0x0800151d    0xe  Code  Gb  stm32f4xx_it.o [1]
SystemClock_Config      0x08000351   0xac  Code  Gb  main.o [1]
SystemCoreClock         0x20000000    0x4  Data  Gb  system_stm32f4xx.o [1]
SystemInit              0x0800148d   0x3a  Code  Gb  system_stm32f4xx.o [1]
UART_DMAAbortOnError    0x08000991    0xc  Code  Lc  stm32f4xx_hal_uart.o [1]
UART_EndRxTransfer      0x08000971   0x1c  Code  Lc  stm32f4xx_hal_uart.o [1]
UART_Receive_IT         0x0800099d   0x88  Code  Lc  stm32f4xx_hal_uart.o [1]
UART_SetConfig          0x08000a25  0x13a  Code  Lc  stm32f4xx_hal_uart.o [1]
USART2_IRQHandler       0x0800152b   0x18  Code  Gb  stm32f4xx_it.o [1]
__aeabi_memclr4         0x0800132d         Code  Gb  ABImemclr4.o [5]
__cmain                 0x080015f9         Code  Gb  cmain.o [5]
__exit                  0x08001629   0x14  Code  Gb  exit.o [6]
__iar_Memset4_word      0x08001459         Code  Gb  ABImemset48.o [5]
__iar_Memset8_word      0x08001459         Code  Gb  ABImemset48.o [5]
__iar_copy_init3        0x0800155d   0x2c  Code  Gb  copy_init3.o [5]
__iar_data_init3        0x08001589   0x28  Code  Gb  data_init.o [5]
__iar_init_vfp          0x080015b1         Code  Gb  fpinit_M.o [4]
__iar_program_start     0x0800164d         Code  Gb  cstartup_M.o [5]
__iar_unaligned_strcmp  0x08000bbd         Code  Gb  strcmp_unaligned.o [5]
__iar_zero_init3        0x080014dd   0x40  Code  Gb  zero_init3.o [5]
__low_level_init        0x08001613    0x4  Code  Gb  low_level_init.o [3]
__vector_table          0x08000000         Data  Gb  startup_stm32f407xx.o [1]
_call_main              0x08001605         Code  Gb  cmain.o [5]
_exit                   0x0800161d         Code  Gb  cexit.o [5]
_main                   0x0800160f         Code  Gb  cmain.o [5]
bufferRx_GSM            0x20000450  0x1f4  Data  Gb  main.o [1]
exit                    0x08001617    0x4  Code  Gb  exit.o [3]
huart2                  0x20000408   0x40  Data  Gb  main.o [1]
i                       0x2000044c    0x4  Data  Gb  main.o [1]
location                0x20000448    0x4  Data  Gb  main.o [1]
main                    0x08000189  0x1aa  Code  Gb  main.o [1]
uwTick                  0x20000644    0x4  Data  Gb  stm32f4xx_hal.o [1]


[1] = C:\Users\Youssef\Desktop\gps2\EWARM\gps2\Obj
[2] = command line
[3] = dl7M_tlf.a
[4] = m7M_tls.a
[5] = rt7M_tl.a
[6] = shb_l.a

  6 034 bytes of readonly  code memory
     42 bytes of readonly  data memory
  1 604 bytes of readwrite data memory

Errors: none
Warnings: none
