###############################################################################
#
# IAR ELF Linker V7.70.2.11706/W32 for ARM                25/Jan/2017  12:14:59
# Copyright 2007-2016 IAR Systems AB.
#
#    Output file  =  C:\Users\Youssef\Desktop\gps2\EWARM\gps2\Exe\gps2.out
#    Map file     =  C:\Users\Youssef\Desktop\gps2\EWARM\gps2\List\gps2.map
#    Command line =  
#        C:\Users\Youssef\Desktop\gps2\EWARM\gps2\Obj\main.o
#        C:\Users\Youssef\Desktop\gps2\EWARM\gps2\Obj\startup_stm32f407xx.o
#        C:\Users\Youssef\Desktop\gps2\EWARM\gps2\Obj\stm32f4xx_hal.o
#        C:\Users\Youssef\Desktop\gps2\EWARM\gps2\Obj\stm32f4xx_hal_cortex.o
#        C:\Users\Youssef\Desktop\gps2\EWARM\gps2\Obj\stm32f4xx_hal_dma.o
#        C:\Users\Youssef\Desktop\gps2\EWARM\gps2\Obj\stm32f4xx_hal_dma_ex.o
#        C:\Users\Youssef\Desktop\gps2\EWARM\gps2\Obj\stm32f4xx_hal_flash.o
#        C:\Users\Youssef\Desktop\gps2\EWARM\gps2\Obj\stm32f4xx_hal_flash_ex.o
#        C:\Users\Youssef\Desktop\gps2\EWARM\gps2\Obj\stm32f4xx_hal_flash_ramfunc.o
#        C:\Users\Youssef\Desktop\gps2\EWARM\gps2\Obj\stm32f4xx_hal_gpio.o
#        C:\Users\Youssef\Desktop\gps2\EWARM\gps2\Obj\stm32f4xx_hal_msp.o
#        C:\Users\Youssef\Desktop\gps2\EWARM\gps2\Obj\stm32f4xx_hal_pwr.o
#        C:\Users\Youssef\Desktop\gps2\EWARM\gps2\Obj\stm32f4xx_hal_pwr_ex.o
#        C:\Users\Youssef\Desktop\gps2\EWARM\gps2\Obj\stm32f4xx_hal_rcc.o
#        C:\Users\Youssef\Desktop\gps2\EWARM\gps2\Obj\stm32f4xx_hal_rcc_ex.o
#        C:\Users\Youssef\Desktop\gps2\EWARM\gps2\Obj\stm32f4xx_hal_tim.o
#        C:\Users\Youssef\Desktop\gps2\EWARM\gps2\Obj\stm32f4xx_hal_tim_ex.o
#        C:\Users\Youssef\Desktop\gps2\EWARM\gps2\Obj\stm32f4xx_hal_uart.o
#        C:\Users\Youssef\Desktop\gps2\EWARM\gps2\Obj\stm32f4xx_it.o
#        C:\Users\Youssef\Desktop\gps2\EWARM\gps2\Obj\system_stm32f4xx.o
#        --redirect _Printf=_PrintfFull --redirect _Scanf=_ScanfFull -o
#        C:\Users\Youssef\Desktop\gps2\EWARM\gps2\Exe\gps2.out --map
#        C:\Users\Youssef\Desktop\gps2\EWARM\gps2\List\gps2.map --config
#        C:\Users\Youssef\Desktop\gps2\EWARM/stm32f407xx_flash.icf
#        --semihosting --entry __iar_program_start --vfe
#
###############################################################################

*******************************************************************************
*** RUNTIME MODEL ATTRIBUTES
***

CppFlavor                     = *
__Heap_Handler                = Basic
__SystemLibrary               = DLib
__dlib_dynamic_initialization = normal


*******************************************************************************
*** PLACEMENT SUMMARY
***

"A0":  place at 0x08000000 { ro section .intvec };
"P1":  place in [from 0x08000000 to 0x080fffff] { ro };
"P2":  place in [from 0x20000000 to 0x2001ffff] { rw, block CSTACK, block HEAP };
initialize by copy { rw };

  Section             Kind        Address    Size  Object
  -------             ----        -------    ----  ------
"A0":                                       0x188
  .intvec             ro code  0x08000000   0x188  startup_stm32f407xx.o [1]
                             - 0x08000188   0x188

"P1":                                      0x438c
  .text               ro code  0x08000188  0x118a  xprintffull.o [3]
  .text               ro code  0x08001312    0x20  xmbtowc.o [3]
  .text               ro code  0x08001332    0x1a  xsnprout.o [3]
  .text               ro code  0x0800134c    0x16  strchr.o [5]
  .text               ro code  0x08001364    0x36  strlen.o [5]
  .text               ro code  0x0800139c    0x58  memchr.o [5]
  .text               ro code  0x080013f4     0xa  xmbcurmax.o [3]
  .text               ro code  0x08001400    0xb0  xxmemxmalloc.o [3]
  .text               ro code  0x080014b0    0x1a  xwctomb.o [3]
  .text               ro code  0x080014cc    0x76  ABImemcpy_unaligned.o [5]
  .text               ro code  0x08001544    0x80  xxmemxfree.o [3]
  .text               ro code  0x080015c4    0xee  I64DivMod.o [5]
  .text               ro code  0x080016b2    0x44  xdnorm.o [4]
  .text               ro code  0x080016f8    0x2e  DblCmpLe.o [4]
  .text               ro code  0x08001728    0x2e  DblCmpGe.o [4]
  .text               ro code  0x08001758   0x114  xdscale.o [4]
  .text               ro code  0x0800186c    0x58  DblToI32.o [4]
  .text               ro code  0x080018c4    0x30  I32ToDbl.o [4]
  .text               ro code  0x080018f4   0x180  DblSub.o [4]
  .text               ro code  0x08001a74   0x1a2  DblMul.o [4]
  .text               ro code  0x08001c18   0x256  DblDiv.o [4]
  .text               ro code  0x08001e70    0x6c  localeconv.o [3]
  .text               ro code  0x08001edc     0xe  div.o [3]
  .text               ro code  0x08001eec    0x24  setlocale.o [3]
  .text               ro code  0x08001f10    0x60  xencoding_sb.o [3]
  .text               ro code  0x08001f70    0x2c  xgetmemchunk.o [3]
  .text               ro code  0x08001f9c     0x2  I64DivZer.o [5]
  .text               ro code  0x08001fa0    0xe8  DblAdd.o [4]
  .text               ro code  0x08002088     0x2  xtls.o [3]
  .text               ro code  0x0800208c   0x694  main.o [1]
  .text               ro code  0x08002720    0x34  stm32f4xx_hal.o [1]
  .text               ro code  0x08002754   0x48a  stm32f4xx_hal_uart.o [1]
  .text               ro code  0x08002bde    0x18  stm32f4xx_hal.o [1]
  .text               ro code  0x08002bf8    0x42  strcmp_unaligned.o [5]
  .text               ro code  0x08002c3c    0x4c  strtok.o [3]
  .text               ro code  0x08002c88    0x44  strcpy_unaligned.o [5]
  .text               ro code  0x08002ccc    0x1c  strcat.o [3]
  .text               ro code  0x08002ce8    0x44  snprintf.o [3]
  .text               ro code  0x08002d2c   0x298  stm32f4xx_hal_rcc.o [1]
  .text               ro code  0x08002fc4   0x1dc  stm32f4xx_hal_rcc.o [1]
  .text               ro code  0x080031a0    0xde  stm32f4xx_hal_cortex.o [1]
  .text               ro code  0x08003280   0x1d8  stm32f4xx_hal_gpio.o [1]
  .text               ro code  0x08003458     0x6  ABImemclr4.o [5]
  .text               ro code  0x08003460    0x6c  strncpy_unaligned.o [5]
  .text               ro code  0x080034cc     0x8  atoi.o [3]
  .text               ro code  0x080034d4    0x10  atof.o [4]
  .text               ro code  0x080034e4    0x28  stm32f4xx_hal.o [1]
  .text               ro code  0x0800350c    0xc4  stm32f4xx_hal_msp.o [1]
  .text               ro code  0x080035d0    0x24  stm32f4xx_hal_dma.o [1]
  .text               ro code  0x080035f4     0x2  stm32f4xx_hal_uart.o [1]
  .text               ro code  0x080035f6     0x2  stm32f4xx_hal_uart.o [1]
  .text               ro code  0x080035f8     0x2  stm32f4xx_hal_uart.o [1]
  .text               ro code  0x080035fc     0xc  stm32f4xx_hal.o [1]
  .text               ro code  0x08003608    0x24  strspn.o [3]
  .text               ro code  0x0800362c    0x24  strcspn.o [3]
  .text               ro code  0x08003650    0x32  ABImemset48.o [5]
  .text               ro code  0x08003684    0x5e  ABImemset.o [5]
  .text               ro code  0x080036e4   0x198  xstoul.o [3]
  .text               ro code  0x0800387c   0x168  xstod.o [4]
  .text               ro code  0x080039e4    0x28  isxxx.o [3]
  .text               ro code  0x08003a0c    0x14  tolower.o [3]
  .text               ro code  0x08003a20     0xc  errno.o [3]
  .text               ro code  0x08003a2c   0x122  xstopfx.o [3]
  .text               ro code  0x08003b50   0x1b8  xstoflt.o [3]
  .text               ro code  0x08003d08   0x200  xdtento.o [4]
  .text               ro code  0x08003f08   0x218  xstoxflt.o [3]
  .text               ro code  0x08004120    0x16  xlocale_c.o [3]
  .text               ro code  0x08004136    0x14  xlocale_c.o [3]
  .text               ro code  0x0800414a     0xc  xlocale_c.o [3]
  .text               ro code  0x08004158    0x20  DblCmpEq.o [4]
  .text               ro code  0x08004178    0x56  xdunscal.o [4]
  .text               ro code  0x080041d0    0x50  system_stm32f4xx.o [1]
  .text               ro code  0x08004220    0x40  zero_init3.o [5]
  .text               ro code  0x08004260    0x38  packbits_init_single.o [5]
  .text               ro code  0x08004298    0x30  stm32f4xx_it.o [1]
  .text               ro code  0x080042c8    0x10  stm32f4xx_hal.o [1]
  .text               ro code  0x080042d8    0x28  data_init.o [5]
  .text               ro code  0x08004300    0x22  fpinit_M.o [4]
  .iar.init_table     const    0x08004324    0x20  - Linker created -
  .text               ro code  0x08004344    0x1a  cmain.o [5]
  .text               ro code  0x0800435e     0x4  low_level_init.o [3]
  .text               ro code  0x08004362     0x4  exit.o [3]
  .text               ro code  0x08004368     0xa  cexit.o [5]
  .text               ro code  0x08004374    0x14  exit.o [6]
  .text               ro code  0x08004388    0x10  startup_stm32f407xx.o [1]
  .text               ro code  0x08004398     0xc  cstartup_M.o [5]
  .text               ro code  0x080043a4     0x4  startup_stm32f407xx.o [1]
  .text               ro code  0x080043a8     0x4  startup_stm32f407xx.o [1]
  .text               ro code  0x080043ac     0x4  startup_stm32f407xx.o [1]
  .text               ro code  0x080043b0     0x4  startup_stm32f407xx.o [1]
  .text               ro code  0x080043b4     0x4  startup_stm32f407xx.o [1]
  .text               ro code  0x080043b8     0x4  startup_stm32f407xx.o [1]
  .text               ro code  0x080043bc     0x4  startup_stm32f407xx.o [1]
  .text               ro code  0x080043c0     0x4  startup_stm32f407xx.o [1]
  .text               ro code  0x080043c4     0x4  startup_stm32f407xx.o [1]
  .text               ro code  0x080043c8     0x4  startup_stm32f407xx.o [1]
  .text               ro code  0x080043cc     0x4  startup_stm32f407xx.o [1]
  .text               ro code  0x080043d0     0x4  startup_stm32f407xx.o [1]
  .text               ro code  0x080043d4     0x4  startup_stm32f407xx.o [1]
  .text               ro code  0x080043d8     0x4  startup_stm32f407xx.o [1]
  .text               ro code  0x080043dc     0x4  startup_stm32f407xx.o [1]
  .text               ro code  0x080043e0     0x4  startup_stm32f407xx.o [1]
  .text               ro code  0x080043e4     0x4  startup_stm32f407xx.o [1]
  .text               ro code  0x080043e8     0x4  startup_stm32f407xx.o [1]
  .text               ro code  0x080043ec     0x4  startup_stm32f407xx.o [1]
  .text               ro code  0x080043f0     0x4  startup_stm32f407xx.o [1]
  .text               ro code  0x080043f4     0x4  startup_stm32f407xx.o [1]
  .text               ro code  0x080043f8     0x4  startup_stm32f407xx.o [1]
  .text               ro code  0x080043fc     0x4  startup_stm32f407xx.o [1]
  .text               ro code  0x08004400     0x4  startup_stm32f407xx.o [1]
  .text               ro code  0x08004404     0x4  startup_stm32f407xx.o [1]
  .text               ro code  0x08004408     0x4  startup_stm32f407xx.o [1]
  .text               ro code  0x0800440c     0x4  startup_stm32f407xx.o [1]
  .text               ro code  0x08004410     0x4  startup_stm32f407xx.o [1]
  .text               ro code  0x08004414     0x4  startup_stm32f407xx.o [1]
  .text               ro code  0x08004418     0x4  startup_stm32f407xx.o [1]
  .text               ro code  0x0800441c     0x4  startup_stm32f407xx.o [1]
  .text               ro code  0x08004420     0x4  startup_stm32f407xx.o [1]
  .text               ro code  0x08004424     0x4  startup_stm32f407xx.o [1]
  .text               ro code  0x08004428     0x4  startup_stm32f407xx.o [1]
  .text               ro code  0x0800442c     0x4  startup_stm32f407xx.o [1]
  .text               ro code  0x08004430     0x4  startup_stm32f407xx.o [1]
  .text               ro code  0x08004434     0x4  startup_stm32f407xx.o [1]
  .text               ro code  0x08004438     0x4  startup_stm32f407xx.o [1]
  .text               ro code  0x0800443c     0x4  startup_stm32f407xx.o [1]
  .text               ro code  0x08004440     0x4  startup_stm32f407xx.o [1]
  .text               ro code  0x08004444     0x4  startup_stm32f407xx.o [1]
  .text               ro code  0x08004448     0x4  startup_stm32f407xx.o [1]
  .text               ro code  0x0800444c     0x4  startup_stm32f407xx.o [1]
  .text               ro code  0x08004450     0x4  startup_stm32f407xx.o [1]
  .text               ro code  0x08004454     0x4  startup_stm32f407xx.o [1]
  .text               ro code  0x08004458     0x4  startup_stm32f407xx.o [1]
  .text               ro code  0x0800445c     0x4  startup_stm32f407xx.o [1]
  .text               ro code  0x08004460     0x4  startup_stm32f407xx.o [1]
  .text               ro code  0x08004464     0x4  startup_stm32f407xx.o [1]
  .text               ro code  0x08004468     0x4  startup_stm32f407xx.o [1]
  .text               ro code  0x0800446c     0x4  startup_stm32f407xx.o [1]
  .text               ro code  0x08004470     0x4  startup_stm32f407xx.o [1]
  .text               ro code  0x08004474     0x4  startup_stm32f407xx.o [1]
  .text               ro code  0x08004478     0x4  startup_stm32f407xx.o [1]
  .text               ro code  0x0800447c     0x4  startup_stm32f407xx.o [1]
  .text               ro code  0x08004480     0x4  startup_stm32f407xx.o [1]
  .text               ro code  0x08004484     0x4  startup_stm32f407xx.o [1]
  .text               ro code  0x08004488     0x4  startup_stm32f407xx.o [1]
  .text               ro code  0x0800448c     0x4  startup_stm32f407xx.o [1]
  .text               ro code  0x08004490     0x4  startup_stm32f407xx.o [1]
  .text               ro code  0x08004494     0x4  startup_stm32f407xx.o [1]
  .text               ro code  0x08004498     0x4  startup_stm32f407xx.o [1]
  .text               ro code  0x0800449c     0x4  startup_stm32f407xx.o [1]
  .text               ro code  0x080044a0     0x4  startup_stm32f407xx.o [1]
  .text               ro code  0x080044a4     0x4  startup_stm32f407xx.o [1]
  .text               ro code  0x080044a8     0x4  startup_stm32f407xx.o [1]
  .text               ro code  0x080044ac     0x4  startup_stm32f407xx.o [1]
  .text               ro code  0x080044b0     0x4  startup_stm32f407xx.o [1]
  .text               ro code  0x080044b4     0x4  startup_stm32f407xx.o [1]
  .text               ro code  0x080044b8     0x4  startup_stm32f407xx.o [1]
  .text               ro code  0x080044bc     0x4  startup_stm32f407xx.o [1]
  .text               ro code  0x080044c0     0x4  startup_stm32f407xx.o [1]
  .text               ro code  0x080044c4     0x4  startup_stm32f407xx.o [1]
  .text               ro code  0x080044c8     0x4  startup_stm32f407xx.o [1]
  .text               ro code  0x080044cc     0x4  startup_stm32f407xx.o [1]
  .text               ro code  0x080044d0     0x4  startup_stm32f407xx.o [1]
  .text               ro code  0x080044d4     0x4  startup_stm32f407xx.o [1]
  .text               ro code  0x080044d8     0x4  startup_stm32f407xx.o [1]
  .text               ro code  0x080044dc     0x4  startup_stm32f407xx.o [1]
  .text               ro code  0x080044e0     0x4  startup_stm32f407xx.o [1]
  .text               ro code  0x080044e4     0x4  startup_stm32f407xx.o [1]
  .text               ro code  0x080044e8     0x4  startup_stm32f407xx.o [1]
  .text               ro code  0x080044ec     0x4  startup_stm32f407xx.o [1]
  .text               ro code  0x080044f0     0x4  startup_stm32f407xx.o [1]
  .text               ro code  0x080044f4     0x4  startup_stm32f407xx.o [1]
  .text               ro code  0x080044f8     0x4  startup_stm32f407xx.o [1]
  .text               ro code  0x080044fc     0x4  startup_stm32f407xx.o [1]
  .text               ro code  0x08004500     0x4  startup_stm32f407xx.o [1]
  .rodata             const    0x08004504     0x0  zero_init3.o [5]
  .rodata             const    0x08004504     0x0  packbits_init_single.o [5]
  Initializer bytes   const    0x08004504    0x10  <for P2-1>
                             - 0x08004514  0x438c

"P2", part 1 of 3:                          0x108
  P2-1                         0x20000000   0x108  <Init block>
    .data             inited   0x20000000     0x4  system_stm32f4xx.o [1]
    __DLIB_PERTHREAD  inited   0x20000004     0x4  strtok.o [3]
    __DLIB_PERTHREAD  inited   0x20000008     0x4  errno.o [3]
    __DLIB_PERTHREAD  inited   0x2000000c    0x88  localeconv.o [3]
    __DLIB_PERTHREAD  inited   0x20000094    0x74  setlocale.o [3]
                             - 0x20000108   0x108

"P2", part 2 of 3:                          0x600
  CSTACK                       0x20000108   0x400  <Block>
    CSTACK            uninit   0x20000108   0x400  <Block tail>
  HEAP                         0x20000508   0x200  <Block>
    HEAP              uninit   0x20000508   0x200  <Block tail>
                             - 0x20000708   0x600

"P2", part 3 of 3:                          0x24c
  .bss                zero     0x20000708   0x23c  main.o [1]
  .bss                zero     0x20000944     0x8  xxmemxmalloc.o [3]
  .bss                zero     0x2000094c     0x4  stm32f4xx_hal.o [1]
  .bss                zero     0x20000950     0x4  xgetmemchunk.o [3]
                             - 0x20000954   0x24c


*******************************************************************************
*** INIT TABLE
***

          Address     Size
          -------     ----
Zero (__iar_zero_init3)
    1 destination range, total size 0x24c:
          0x20000708  0x24c

Copy/packbits (__iar_packbits_init_single3)
    1 source range, total size 0x10 (6% of destination):
          0x08004504   0x10
    1 destination range, total size 0x108:
          0x20000000  0x108



*******************************************************************************
*** MODULE SUMMARY
***

    Module                  ro code  ro data  rw data
    ------                  -------  -------  -------
C:\Users\Youssef\Desktop\gps2\EWARM\gps2\Obj: [1]
    main.o                    1 684               572
    startup_stm32f407xx.o       760
    stm32f4xx_hal.o             144                 4
    stm32f4xx_hal_cortex.o      222
    stm32f4xx_hal_dma.o          36
    stm32f4xx_hal_gpio.o        472
    stm32f4xx_hal_msp.o         196
    stm32f4xx_hal_rcc.o       1 140
    stm32f4xx_hal_uart.o      1 168
    stm32f4xx_it.o               48
    system_stm32f4xx.o           80                 4
    -------------------------------------------------
    Total:                    5 950               580

command line: [2]
    -------------------------------------------------
    Total:

dl7M_tlf.a: [3]
    atoi.o                        8
    div.o                        14
    errno.o                      12                 4
    exit.o                        4
    isxxx.o                      40
    localeconv.o                108        8      136
    low_level_init.o              4
    setlocale.o                  36        8      116
    snprintf.o                   68
    strcat.o                     28
    strcspn.o                    36
    strspn.o                     36
    strtok.o                     76                 4
    tolower.o                    20
    xencoding_sb.o               96
    xgetmemchunk.o               44                 4
    xlocale_c.o                  54
    xmbcurmax.o                  10
    xmbtowc.o                    32
    xprintffull.o             4 490
    xsnprout.o                   26
    xstoflt.o                   440
    xstopfx.o                   290
    xstoul.o                    408
    xstoxflt.o                  536
    xtls.o                        2
    xwctomb.o                    26
    xxmemxfree.o                128
    xxmemxmalloc.o              176                 8
    -------------------------------------------------
    Total:                    7 248       16      272

m7M_tls.a: [4]
    DblAdd.o                    232
    DblCmpEq.o                   32
    DblCmpGe.o                   46
    DblCmpLe.o                   46
    DblDiv.o                    598
    DblMul.o                    418
    DblSub.o                    384
    DblToI32.o                   88
    I32ToDbl.o                   48
    atof.o                       16
    fpinit_M.o                   34
    xdnorm.o                     68
    xdscale.o                   276
    xdtento.o                   512
    xdunscal.o                   86
    xstod.o                     360
    -------------------------------------------------
    Total:                    3 244

rt7M_tl.a: [5]
    ABImemclr4.o                  6
    ABImemcpy_unaligned.o       118
    ABImemset.o                  94
    ABImemset48.o                50
    I64DivMod.o                 238
    I64DivZer.o                   2
    cexit.o                      10
    cmain.o                      26
    cstartup_M.o                 12
    data_init.o                  40
    memchr.o                     88
    packbits_init_single.o       56
    strchr.o                     22
    strcmp_unaligned.o           66
    strcpy_unaligned.o           68
    strlen.o                     54
    strncpy_unaligned.o         108
    zero_init3.o                 64
    -------------------------------------------------
    Total:                    1 122

shb_l.a: [6]
    exit.o                       20
    -------------------------------------------------
    Total:                       20

    Gaps                         50        2
    Linker created                        32    1 536
-----------------------------------------------------
    Grand Total:             17 634       50    2 388


*******************************************************************************
*** ENTRY LIST
***

Entry                      Address   Size  Type      Object
-----                      -------   ----  ----      ------
.iar.init_table$$Base   0x08004324          --   Gb  - Linker created -
.iar.init_table$$Limit  0x08004344          --   Gb  - Linker created -
?main                   0x08004345         Code  Gb  cmain.o [5]
APBAHBPrescTable        0x0800313c   0x10  Data  Gb  stm32f4xx_hal_rcc.o [1]
CSTACK$$Base            0x20000108          --   Gb  - Linker created -
CSTACK$$Limit           0x20000508          --   Gb  - Linker created -
HAL_DMA_Abort_IT        0x080035d1   0x24  Code  Gb  stm32f4xx_hal_dma.o [1]
HAL_Delay               0x08002bdf   0x18  Code  Wk  stm32f4xx_hal.o [1]
HAL_GPIO_Init           0x08003281  0x1a4  Code  Gb  stm32f4xx_hal_gpio.o [1]
HAL_GPIO_WritePin       0x08003425    0x8  Code  Gb  stm32f4xx_hal_gpio.o [1]
HAL_GetTick             0x080035fd    0xc  Code  Wk  stm32f4xx_hal.o [1]
HAL_IncTick             0x080042c9   0x10  Code  Wk  stm32f4xx_hal.o [1]
HAL_Init                0x08002721   0x30  Code  Gb  stm32f4xx_hal.o [1]
HAL_InitTick            0x080034e5   0x28  Code  Wk  stm32f4xx_hal.o [1]
HAL_MspInit             0x0800350d   0x60  Code  Gb  stm32f4xx_hal_msp.o [1]
HAL_NVIC_EnableIRQ      0x0800320f    0xc  Code  Gb  stm32f4xx_hal_cortex.o [1]
HAL_NVIC_SetPriority    0x080031d5   0x3a  Code  Gb  stm32f4xx_hal_cortex.o [1]
HAL_NVIC_SetPriorityGrouping
                        0x080031bb   0x1a  Code  Gb  stm32f4xx_hal_cortex.o [1]
HAL_RCC_ClockConfig     0x08002fc5  0x12c  Code  Gb  stm32f4xx_hal_rcc.o [1]
HAL_RCC_GetHCLKFreq     0x080030ff    0x6  Code  Gb  stm32f4xx_hal_rcc.o [1]
HAL_RCC_GetPCLK1Freq    0x08003105   0x12  Code  Gb  stm32f4xx_hal_rcc.o [1]
HAL_RCC_GetPCLK2Freq    0x08003117   0x10  Code  Gb  stm32f4xx_hal_rcc.o [1]
HAL_RCC_GetSysClockFreq
                        0x0800314d   0x54  Code  Wk  stm32f4xx_hal_rcc.o [1]
HAL_RCC_OscConfig       0x08002d2d  0x298  Code  Wk  stm32f4xx_hal_rcc.o [1]
HAL_SYSTICK_CLKSourceConfig
                        0x0800324b   0x14  Code  Gb  stm32f4xx_hal_cortex.o [1]
HAL_SYSTICK_Callback    0x0800327d    0x2  Code  Wk  stm32f4xx_hal_cortex.o [1]
HAL_SYSTICK_Config      0x08003223   0x28  Code  Gb  stm32f4xx_hal_cortex.o [1]
HAL_SYSTICK_IRQHandler  0x08003279    0x4  Code  Gb  stm32f4xx_hal_cortex.o [1]
HAL_UART_ErrorCallback  0x080035f5    0x2  Code  Wk  stm32f4xx_hal_uart.o [1]
HAL_UART_IRQHandler     0x0800285f  0x14e  Code  Gb  stm32f4xx_hal_uart.o [1]
HAL_UART_Init           0x08002755   0x28  Code  Gb  stm32f4xx_hal_uart.o [1]
HAL_UART_MspInit        0x0800356d   0x56  Code  Gb  stm32f4xx_hal_msp.o [1]
HAL_UART_Receive_IT     0x08002803   0x4a  Code  Gb  stm32f4xx_hal_uart.o [1]
HAL_UART_RxCpltCallback
                        0x080035f9    0x2  Code  Wk  stm32f4xx_hal_uart.o [1]
HAL_UART_Transmit_IT    0x080027c3   0x40  Code  Gb  stm32f4xx_hal_uart.o [1]
HAL_UART_TxCpltCallback
                        0x080035f7    0x2  Code  Wk  stm32f4xx_hal_uart.o [1]
HEAP$$Base              0x20000508          --   Gb  - Linker created -
HEAP$$Limit             0x20000708          --   Gb  - Linker created -
LoadInt                 0x080007ef   0x6e  Code  Lc  xprintffull.o [3]
MX_GPIO_Init            0x08002375  0x1a2  Code  Lc  main.o [1]
NVIC_SetPriority        0x080031a1   0x1a  Code  Lc  stm32f4xx_hal_cortex.o [1]
RST_BUFFER              0x08002567   0x12  Code  Gb  main.o [1]
Region$$Table$$Base     0x08004324          --   Gb  - Linker created -
Region$$Table$$Limit    0x08004344          --   Gb  - Linker created -
SysTick_Handler         0x08004299    0xe  Code  Gb  stm32f4xx_it.o [1]
SystemClock_Config      0x080022bd   0xac  Code  Gb  main.o [1]
SystemCoreClock         0x20000000    0x4  Data  Gb  system_stm32f4xx.o [1]
SystemInit              0x080041d1   0x3a  Code  Gb  system_stm32f4xx.o [1]
UART_DMAAbortOnError    0x080029cd    0xc  Code  Lc  stm32f4xx_hal_uart.o [1]
UART_EndRxTransfer      0x080029ad   0x1c  Code  Lc  stm32f4xx_hal_uart.o [1]
UART_Receive_IT         0x080029d9   0x88  Code  Lc  stm32f4xx_hal_uart.o [1]
UART_SetConfig          0x08002a61  0x13a  Code  Lc  stm32f4xx_hal_uart.o [1]
USART2_IRQHandler       0x080042a7   0x1a  Code  Gb  stm32f4xx_it.o [1]
_EncodingSb_Mbtowc      0x08001f2b   0x30  Code  Gb  xencoding_sb.o [3]
_EncodingSb_Mbtowc::initial
                        0x08001f68    0x8  Data  Lc  xencoding_sb.o [3]
_EncodingSb_Wctomb      0x08001f11   0x1a  Code  Gb  xencoding_sb.o [3]
_EncodingSb_Wctomb::initial
                        0x08001f60    0x8  Data  Lc  xencoding_sb.o [3]
_GenldFull              0x08001075  0x254  Code  Lc  xprintffull.o [3]
_IsdstStr               0x20000098    0x4  Data  Gb  setlocale.o [3]
_LdtobFull              0x08000c75  0x3fa  Code  Lc  xprintffull.o [3]
_LitobFull              0x08000b69  0x10a  Code  Lc  xprintffull.o [3]
_LocaleC_isalpha        0x08004121   0x16  Code  Gb  xlocale_c.o [3]
_LocaleC_isspace        0x08004137   0x14  Code  Gb  xlocale_c.o [3]
_LocaleC_tolower        0x0800414b    0xc  Code  Gb  xlocale_c.o [3]
_LocaleEncoding         0x08001eff    0xe  Code  Gb  setlocale.o [3]
_LocaleForCat           0x08001eed   0x12  Code  Gb  setlocale.o [3]
_LocaleReturnString     0x200000b8   0x50  Data  Lc  setlocale.o [3]
_Locale_Profile         0x2000009c   0x1c  Data  Gb  setlocale.o [3]
_Locale_aeabi_lconv     0x2000005c   0x38  Data  Gb  localeconv.o [3]
_Locale_lconv           0x2000000c   0x50  Data  Gb  localeconv.o [3]
_Mbtowc                 0x08001313   0x20  Code  Gb  xmbtowc.o [3]
_PrintfFull             0x08000189  0x650  Code  Gb  xprintffull.o [3]
_PutcharsFull           0x080012c9   0x2e  Code  Lc  xprintffull.o [3]
_PutstrFull             0x0800085d  0x306  Code  Lc  xprintffull.o [3]
_SNProut                0x08001333   0x1a  Code  Gb  xsnprout.o [3]
_Stoflt                 0x08003b51  0x1b8  Code  Gb  xstoflt.o [3]
_Stopfx                 0x08003a2d  0x122  Code  Gb  xstopfx.o [3]
_Stoxflt                0x08003f09  0x1e2  Code  Gb  xstoxflt.o [3]
_Stoxflt::digits        0x080040f0   0x18  Data  Lc  xstoxflt.o [3]
_Stoxflt::vals          0x08004108   0x18  Data  Lc  xstoxflt.o [3]
_Strtok_ssave           0x20000004    0x4  Data  Lc  strtok.o [3]
_TzoneStr               0x20000094    0x4  Data  Gb  setlocale.o [3]
_Wctomb                 0x080014b1   0x1a  Code  Gb  xwctomb.o [3]
__aeabi_cdcmpeq         0x08004159         Code  Gb  DblCmpEq.o [4]
__aeabi_cdcmple         0x080016f9         Code  Gb  DblCmpLe.o [4]
__aeabi_cdrcmple        0x08001729         Code  Gb  DblCmpGe.o [4]
__aeabi_d2iz            0x0800186d         Code  Gb  DblToI32.o [4]
__aeabi_d2uiz           0x08001899         Code  Gb  DblToI32.o [4]
__aeabi_dadd            0x08001fa1         Code  Gb  DblAdd.o [4]
__aeabi_ddiv            0x08001c19         Code  Gb  DblDiv.o [4]
__aeabi_dmul            0x08001a75         Code  Gb  DblMul.o [4]
__aeabi_dsub            0x080018f5         Code  Gb  DblSub.o [4]
__aeabi_errno_addr      0x08003a21    0x6  Code  Gb  errno.o [3]
__aeabi_i2d             0x080018c5         Code  Gb  I32ToDbl.o [4]
__aeabi_ldiv0           0x08001f9d         Code  Gb  I64DivZer.o [5]
__aeabi_memclr4         0x08003459         Code  Gb  ABImemclr4.o [5]
__aeabi_ui2d            0x080018d9         Code  Gb  I32ToDbl.o [4]
__aeabi_uldivmod        0x080015c5         Code  Gb  I64DivMod.o [5]
__cmain                 0x08004345         Code  Gb  cmain.o [5]
__data_Aldata           0x20000944    0x8  Data  Gb  xxmemxmalloc.o [3]
__data_GetMemChunk      0x08001f71   0x2c  Code  Gb  xgetmemchunk.o [3]
__data_GetMemChunk::start
                        0x20000950    0x4  Data  Lc  xgetmemchunk.o [3]
__exit                  0x08004375   0x14  Code  Gb  exit.o [6]
__iar_Dnorm             0x080016b3   0x44  Code  Gb  xdnorm.o [4]
__iar_Dscale            0x08001759  0x114  Code  Gb  xdscale.o [4]
__iar_Dtentox           0x08003d65  0x140  Code  Gb  xdtento.o [4]
__iar_Dunscale          0x08004179   0x56  Code  Gb  xdunscal.o [4]
__iar_Errno             0x20000008    0x4  Data  Gb  errno.o [3]
__iar_Locale_lconv_init
                        0x08001e71   0x3a  Code  Gb  localeconv.o [3]
__iar_Mbcurmax          0x080013f5    0xa  Code  Gb  xmbcurmax.o [3]
__iar_Memchr            0x0800139d         Code  Gb  memchr.o [5]
__iar_Memset4_word      0x08003651         Code  Gb  ABImemset48.o [5]
__iar_Memset8_word      0x08003651         Code  Gb  ABImemset48.o [5]
__iar_Memset_word       0x08003685         Code  Gb  ABImemset.o [5]
__iar_Stod              0x080039e1    0x4  Code  Gb  xstod.o [4]
__iar_Stodx             0x0800387d  0x14e  Code  Gb  xstod.o [4]
__iar_Stoul             0x08003829    0x4  Code  Gb  xstoul.o [3]
__iar_Stoulx            0x080036e5  0x13e  Code  Gb  xstoul.o [3]
__iar_Strchr            0x0800134d         Code  Gb  strchr.o [5]
__iar_d2uiz             0x080018a5         Code  Gb  DblToI32.o [4]
__iar_dadd              0x08001fb5         Code  Gb  DblAdd.o [4]
__iar_data_init3        0x080042d9   0x28  Code  Gb  data_init.o [5]
__iar_dlib_perthread_access
                        0x08002089    0x2  Code  Gb  xtls.o [3]
__iar_dsub              0x08001909         Code  Gb  DblSub.o [4]
__iar_dsubStart         0x0800191b         Code  Gb  DblSub.o [4]
__iar_init_vfp          0x08004301         Code  Gb  fpinit_M.o [4]
__iar_packbits_init_single3
                        0x08004261   0x38  Code  Gb  packbits_init_single.o [5]
__iar_program_start     0x08004399         Code  Gb  cstartup_M.o [5]
__iar_ui2d              0x080018dd         Code  Gb  I32ToDbl.o [4]
__iar_unaligned___aeabi_memcpy
                        0x080014cd         Code  Gb  ABImemcpy_unaligned.o [5]
__iar_unaligned___aeabi_memcpy4
                        0x080014ed         Code  Gb  ABImemcpy_unaligned.o [5]
__iar_unaligned___aeabi_memcpy8
                        0x080014ed         Code  Gb  ABImemcpy_unaligned.o [5]
__iar_unaligned_strcmp  0x08002bf9         Code  Gb  strcmp_unaligned.o [5]
__iar_unaligned_strcpy  0x08002c89         Code  Gb  strcpy_unaligned.o [5]
__iar_unaligned_strncpy
                        0x08003461         Code  Gb  strncpy_unaligned.o [5]
__iar_vfp_atof          0x080034d5   0x10  Code  Gb  atof.o [4]
__iar_zero_init3        0x08004221   0x40  Code  Gb  zero_init3.o [5]
__low_level_init        0x0800435f    0x4  Code  Gb  low_level_init.o [3]
__vector_table          0x08000000         Data  Gb  startup_stm32f407xx.o [1]
_call_main              0x08004351         Code  Gb  cmain.o [5]
_exit                   0x08004369         Code  Gb  cexit.o [5]
_main                   0x0800435b         Code  Gb  cmain.o [5]
atoi                    0x080034cd    0x8  Code  Gb  atoi.o [3]
bufferRx_GSM            0x20000750  0x1f4  Data  Gb  main.o [1]
digits                  0x0800382c   0x28  Data  Lc  xstoul.o [3]
div                     0x08001edd    0xe  Code  Gb  div.o [3]
dmul                    0x08003d09   0x5a  Code  Lc  xdtento.o [4]
exit                    0x08004363    0x4  Code  Gb  exit.o [3]
free                    0x08001545   0x7a  Code  Gb  xxmemxfree.o [3]
huart2                  0x20000708   0x40  Data  Gb  main.o [1]
i                       0x2000074c    0x4  Data  Gb  main.o [1]
isalpha                 0x080039e5   0x14  Code  Gb  isxxx.o [3]
isspace                 0x080039f9   0x14  Code  Gb  isxxx.o [3]
localeconv              0x08001eab   0x16  Code  Gb  localeconv.o [3]
location                0x20000748    0x4  Data  Gb  main.o [1]
main                    0x0800208d  0x1ee  Code  Gb  main.o [1]
malloc                  0x08001401   0xac  Code  Gb  xxmemxmalloc.o [3]
memchr                  0x0800139d         Code  Gb  memchr.o [5]
ndigs                   0x08003854   0x28  Data  Lc  xstoul.o [3]
nmea2dec                0x0800257d   0x7a  Code  Gb  main.o [1]
pows                    0x08003ec0   0x48  Data  Lc  xdtento.o [4]
snprintf                0x08002ce9   0x44  Code  Gb  snprintf.o [3]
strcat                  0x08002ccd   0x1c  Code  Gb  strcat.o [3]
strchr                  0x0800134d         Code  Gb  strchr.o [5]
strcspn                 0x0800362d   0x24  Code  Gb  strcspn.o [3]
strlen                  0x08001365         Code  Gb  strlen.o [5]
strspn                  0x08003609   0x24  Code  Gb  strspn.o [3]
strtok                  0x08002c3d   0x4c  Code  Gb  strtok.o [3]
tolower                 0x08003a0d   0x14  Code  Gb  tolower.o [3]
uwTick                  0x2000094c    0x4  Data  Gb  stm32f4xx_hal.o [1]


[1] = C:\Users\Youssef\Desktop\gps2\EWARM\gps2\Obj
[2] = command line
[3] = dl7M_tlf.a
[4] = m7M_tls.a
[5] = rt7M_tl.a
[6] = shb_l.a

  17 634 bytes of readonly  code memory
      50 bytes of readonly  data memory
   2 388 bytes of readwrite data memory

Errors: none
Warnings: none
