###############################################################################
#
# IAR ELF Linker V7.70.2.11706/W32 for ARM                14/Jan/2017  23:09:08
# Copyright 2007-2016 IAR Systems AB.
#
#    Output file  =  C:\Users\Youssef\Desktop\gps2\EWARM\gps2\Exe\gps2.out
#    Map file     =  C:\Users\Youssef\Desktop\gps2\EWARM\gps2\List\gps2.map
#    Command line =  
#        C:\Users\Youssef\Desktop\gps2\EWARM\gps2\Obj\main.o
#        C:\Users\Youssef\Desktop\gps2\EWARM\gps2\Obj\startup_stm32f407xx.o
#        C:\Users\Youssef\Desktop\gps2\EWARM\gps2\Obj\stm32f4xx_hal.o
#        C:\Users\Youssef\Desktop\gps2\EWARM\gps2\Obj\stm32f4xx_hal_cortex.o
#        C:\Users\Youssef\Desktop\gps2\EWARM\gps2\Obj\stm32f4xx_hal_dma.o
#        C:\Users\Youssef\Desktop\gps2\EWARM\gps2\Obj\stm32f4xx_hal_dma_ex.o
#        C:\Users\Youssef\Desktop\gps2\EWARM\gps2\Obj\stm32f4xx_hal_flash.o
#        C:\Users\Youssef\Desktop\gps2\EWARM\gps2\Obj\stm32f4xx_hal_flash_ex.o
#        C:\Users\Youssef\Desktop\gps2\EWARM\gps2\Obj\stm32f4xx_hal_flash_ramfunc.o
#        C:\Users\Youssef\Desktop\gps2\EWARM\gps2\Obj\stm32f4xx_hal_gpio.o
#        C:\Users\Youssef\Desktop\gps2\EWARM\gps2\Obj\stm32f4xx_hal_msp.o
#        C:\Users\Youssef\Desktop\gps2\EWARM\gps2\Obj\stm32f4xx_hal_pwr.o
#        C:\Users\Youssef\Desktop\gps2\EWARM\gps2\Obj\stm32f4xx_hal_pwr_ex.o
#        C:\Users\Youssef\Desktop\gps2\EWARM\gps2\Obj\stm32f4xx_hal_rcc.o
#        C:\Users\Youssef\Desktop\gps2\EWARM\gps2\Obj\stm32f4xx_hal_rcc_ex.o
#        C:\Users\Youssef\Desktop\gps2\EWARM\gps2\Obj\stm32f4xx_hal_tim.o
#        C:\Users\Youssef\Desktop\gps2\EWARM\gps2\Obj\stm32f4xx_hal_tim_ex.o
#        C:\Users\Youssef\Desktop\gps2\EWARM\gps2\Obj\stm32f4xx_hal_uart.o
#        C:\Users\Youssef\Desktop\gps2\EWARM\gps2\Obj\stm32f4xx_it.o
#        C:\Users\Youssef\Desktop\gps2\EWARM\gps2\Obj\system_stm32f4xx.o
#        --redirect _Printf=_PrintfFull --redirect _Scanf=_ScanfFull -o
#        C:\Users\Youssef\Desktop\gps2\EWARM\gps2\Exe\gps2.out --map
#        C:\Users\Youssef\Desktop\gps2\EWARM\gps2\List\gps2.map --config
#        C:\Users\Youssef\Desktop\gps2\EWARM/stm32f407xx_flash.icf
#        --semihosting --entry __iar_program_start --vfe
#
###############################################################################

*******************************************************************************
*** RUNTIME MODEL ATTRIBUTES
***

CppFlavor       = *
__SystemLibrary = DLib


*******************************************************************************
*** PLACEMENT SUMMARY
***

"A0":  place at 0x08000000 { ro section .intvec };
"P1":  place in [from 0x08000000 to 0x080fffff] { ro };
"P2":  place in [from 0x20000000 to 0x2001ffff] { rw, block CSTACK, block HEAP };
initialize by copy { rw };

  Section            Kind        Address    Size  Object
  -------            ----        -------    ----  ------
"A0":                                      0x188
  .intvec            ro code  0x08000000   0x188  startup_stm32f407xx.o [1]
                            - 0x08000188   0x188

"P1":                                     0x1628
  .text              ro code  0x08000188   0x4d8  main.o [1]
  .text              ro code  0x08000660    0x34  stm32f4xx_hal.o [1]
  .text              ro code  0x08000694   0x48a  stm32f4xx_hal_uart.o [1]
  .text              ro code  0x08000b1e    0x18  stm32f4xx_hal.o [1]
  .text              ro code  0x08000b36    0x2e  strstr.o [3]
  .text              ro code  0x08000b64    0x76  ABImemcpy_unaligned.o [5]
  .text              ro code  0x08000bdc    0x3a  ABImemset48.o [5]
  .text              ro code  0x08000c18   0x298  stm32f4xx_hal_rcc.o [1]
  .text              ro code  0x08000eb0   0x1dc  stm32f4xx_hal_rcc.o [1]
  .text              ro code  0x0800108c    0xde  stm32f4xx_hal_cortex.o [1]
  .text              ro code  0x0800116c   0x1d8  stm32f4xx_hal_gpio.o [1]
  .text              ro code  0x08001344    0x28  stm32f4xx_hal.o [1]
  .text              ro code  0x0800136c    0xc4  stm32f4xx_hal_msp.o [1]
  .text              ro code  0x08001430    0x24  stm32f4xx_hal_dma.o [1]
  .text              ro code  0x08001454     0x2  stm32f4xx_hal_uart.o [1]
  .text              ro code  0x08001456     0x2  stm32f4xx_hal_uart.o [1]
  .text              ro code  0x08001458     0x2  stm32f4xx_hal_uart.o [1]
  .text              ro code  0x0800145c     0xc  stm32f4xx_hal.o [1]
  .text              ro code  0x08001468    0x16  strchr.o [5]
  .text              ro code  0x08001480    0x50  system_stm32f4xx.o [1]
  .text              ro code  0x080014d0    0x40  zero_init3.o [5]
  .text              ro code  0x08001510    0x30  stm32f4xx_it.o [1]
  .text              ro code  0x08001540    0x10  stm32f4xx_hal.o [1]
  .text              ro code  0x08001550    0x2c  copy_init3.o [5]
  .text              ro code  0x0800157c    0x28  data_init.o [5]
  .text              ro code  0x080015a4    0x22  fpinit_M.o [4]
  .iar.init_table    const    0x080015c8    0x24  - Linker created -
  .text              ro code  0x080015ec    0x1a  cmain.o [5]
  .text              ro code  0x08001606     0x4  low_level_init.o [3]
  .text              ro code  0x0800160a     0x4  exit.o [3]
  .text              ro code  0x08001610     0xa  cexit.o [5]
  .text              ro code  0x0800161c    0x14  exit.o [6]
  .text              ro code  0x08001630    0x10  startup_stm32f407xx.o [1]
  .text              ro code  0x08001640     0xc  cstartup_M.o [5]
  .text              ro code  0x0800164c     0x4  startup_stm32f407xx.o [1]
  .text              ro code  0x08001650     0x4  startup_stm32f407xx.o [1]
  .text              ro code  0x08001654     0x4  startup_stm32f407xx.o [1]
  .text              ro code  0x08001658     0x4  startup_stm32f407xx.o [1]
  .text              ro code  0x0800165c     0x4  startup_stm32f407xx.o [1]
  .text              ro code  0x08001660     0x4  startup_stm32f407xx.o [1]
  .text              ro code  0x08001664     0x4  startup_stm32f407xx.o [1]
  .text              ro code  0x08001668     0x4  startup_stm32f407xx.o [1]
  .text              ro code  0x0800166c     0x4  startup_stm32f407xx.o [1]
  .text              ro code  0x08001670     0x4  startup_stm32f407xx.o [1]
  .text              ro code  0x08001674     0x4  startup_stm32f407xx.o [1]
  .text              ro code  0x08001678     0x4  startup_stm32f407xx.o [1]
  .text              ro code  0x0800167c     0x4  startup_stm32f407xx.o [1]
  .text              ro code  0x08001680     0x4  startup_stm32f407xx.o [1]
  .text              ro code  0x08001684     0x4  startup_stm32f407xx.o [1]
  .text              ro code  0x08001688     0x4  startup_stm32f407xx.o [1]
  .text              ro code  0x0800168c     0x4  startup_stm32f407xx.o [1]
  .text              ro code  0x08001690     0x4  startup_stm32f407xx.o [1]
  .text              ro code  0x08001694     0x4  startup_stm32f407xx.o [1]
  .text              ro code  0x08001698     0x4  startup_stm32f407xx.o [1]
  .text              ro code  0x0800169c     0x4  startup_stm32f407xx.o [1]
  .text              ro code  0x080016a0     0x4  startup_stm32f407xx.o [1]
  .text              ro code  0x080016a4     0x4  startup_stm32f407xx.o [1]
  .text              ro code  0x080016a8     0x4  startup_stm32f407xx.o [1]
  .text              ro code  0x080016ac     0x4  startup_stm32f407xx.o [1]
  .text              ro code  0x080016b0     0x4  startup_stm32f407xx.o [1]
  .text              ro code  0x080016b4     0x4  startup_stm32f407xx.o [1]
  .text              ro code  0x080016b8     0x4  startup_stm32f407xx.o [1]
  .text              ro code  0x080016bc     0x4  startup_stm32f407xx.o [1]
  .text              ro code  0x080016c0     0x4  startup_stm32f407xx.o [1]
  .text              ro code  0x080016c4     0x4  startup_stm32f407xx.o [1]
  .text              ro code  0x080016c8     0x4  startup_stm32f407xx.o [1]
  .text              ro code  0x080016cc     0x4  startup_stm32f407xx.o [1]
  .text              ro code  0x080016d0     0x4  startup_stm32f407xx.o [1]
  .text              ro code  0x080016d4     0x4  startup_stm32f407xx.o [1]
  .text              ro code  0x080016d8     0x4  startup_stm32f407xx.o [1]
  .text              ro code  0x080016dc     0x4  startup_stm32f407xx.o [1]
  .text              ro code  0x080016e0     0x4  startup_stm32f407xx.o [1]
  .text              ro code  0x080016e4     0x4  startup_stm32f407xx.o [1]
  .text              ro code  0x080016e8     0x4  startup_stm32f407xx.o [1]
  .text              ro code  0x080016ec     0x4  startup_stm32f407xx.o [1]
  .text              ro code  0x080016f0     0x4  startup_stm32f407xx.o [1]
  .text              ro code  0x080016f4     0x4  startup_stm32f407xx.o [1]
  .text              ro code  0x080016f8     0x4  startup_stm32f407xx.o [1]
  .text              ro code  0x080016fc     0x4  startup_stm32f407xx.o [1]
  .text              ro code  0x08001700     0x4  startup_stm32f407xx.o [1]
  .text              ro code  0x08001704     0x4  startup_stm32f407xx.o [1]
  .text              ro code  0x08001708     0x4  startup_stm32f407xx.o [1]
  .text              ro code  0x0800170c     0x4  startup_stm32f407xx.o [1]
  .text              ro code  0x08001710     0x4  startup_stm32f407xx.o [1]
  .text              ro code  0x08001714     0x4  startup_stm32f407xx.o [1]
  .text              ro code  0x08001718     0x4  startup_stm32f407xx.o [1]
  .text              ro code  0x0800171c     0x4  startup_stm32f407xx.o [1]
  .text              ro code  0x08001720     0x4  startup_stm32f407xx.o [1]
  .text              ro code  0x08001724     0x4  startup_stm32f407xx.o [1]
  .text              ro code  0x08001728     0x4  startup_stm32f407xx.o [1]
  .text              ro code  0x0800172c     0x4  startup_stm32f407xx.o [1]
  .text              ro code  0x08001730     0x4  startup_stm32f407xx.o [1]
  .text              ro code  0x08001734     0x4  startup_stm32f407xx.o [1]
  .text              ro code  0x08001738     0x4  startup_stm32f407xx.o [1]
  .text              ro code  0x0800173c     0x4  startup_stm32f407xx.o [1]
  .text              ro code  0x08001740     0x4  startup_stm32f407xx.o [1]
  .text              ro code  0x08001744     0x4  startup_stm32f407xx.o [1]
  .text              ro code  0x08001748     0x4  startup_stm32f407xx.o [1]
  .text              ro code  0x0800174c     0x4  startup_stm32f407xx.o [1]
  .text              ro code  0x08001750     0x4  startup_stm32f407xx.o [1]
  .text              ro code  0x08001754     0x4  startup_stm32f407xx.o [1]
  .text              ro code  0x08001758     0x4  startup_stm32f407xx.o [1]
  .text              ro code  0x0800175c     0x4  startup_stm32f407xx.o [1]
  .text              ro code  0x08001760     0x4  startup_stm32f407xx.o [1]
  .text              ro code  0x08001764     0x4  startup_stm32f407xx.o [1]
  .text              ro code  0x08001768     0x4  startup_stm32f407xx.o [1]
  .text              ro code  0x0800176c     0x4  startup_stm32f407xx.o [1]
  .text              ro code  0x08001770     0x4  startup_stm32f407xx.o [1]
  .text              ro code  0x08001774     0x4  startup_stm32f407xx.o [1]
  .text              ro code  0x08001778     0x4  startup_stm32f407xx.o [1]
  .text              ro code  0x0800177c     0x4  startup_stm32f407xx.o [1]
  .text              ro code  0x08001780     0x4  startup_stm32f407xx.o [1]
  .text              ro code  0x08001784     0x4  startup_stm32f407xx.o [1]
  .text              ro code  0x08001788     0x4  startup_stm32f407xx.o [1]
  .text              ro code  0x0800178c     0x4  startup_stm32f407xx.o [1]
  .text              ro code  0x08001790     0x4  startup_stm32f407xx.o [1]
  .text              ro code  0x08001794     0x4  startup_stm32f407xx.o [1]
  .text              ro code  0x08001798     0x4  startup_stm32f407xx.o [1]
  .text              ro code  0x0800179c     0x4  startup_stm32f407xx.o [1]
  .text              ro code  0x080017a0     0x4  startup_stm32f407xx.o [1]
  .text              ro code  0x080017a4     0x4  startup_stm32f407xx.o [1]
  .text              ro code  0x080017a8     0x4  startup_stm32f407xx.o [1]
  Initializer bytes  const    0x080017ac     0x4  <for P2-1>
  .rodata            const    0x080017b0     0x0  zero_init3.o [5]
  .rodata            const    0x080017b0     0x0  copy_init3.o [5]
                            - 0x080017b0  0x1628

"P2", part 1 of 3:                           0x4
  P2-1                        0x20000000     0x4  <Init block>
    .data            inited   0x20000000     0x4  system_stm32f4xx.o [1]
                            - 0x20000004     0x4

"P2", part 2 of 3:                         0x400
  CSTACK                      0x20000008   0x400  <Block>
    CSTACK           uninit   0x20000008   0x400  <Block tail>
                            - 0x20000408   0x400

"P2", part 3 of 3:                         0x114
  .bss               zero     0x20000408   0x110  main.o [1]
  .bss               zero     0x20000518     0x4  stm32f4xx_hal.o [1]
                            - 0x2000051c   0x114


*******************************************************************************
*** INIT TABLE
***

          Address     Size
          -------     ----
Zero (__iar_zero_init3)
    1 destination range, total size 0x114:
          0x20000408  0x114

Copy (__iar_copy_init3)
    1 source range, total size 0x4:
          0x080017ac    0x4
    1 destination range, total size 0x4:
          0x20000000    0x4



*******************************************************************************
*** MODULE SUMMARY
***

    Module                  ro code  ro data  rw data
    ------                  -------  -------  -------
C:\Users\Youssef\Desktop\gps2\EWARM\gps2\Obj: [1]
    main.o                    1 240               272
    startup_stm32f407xx.o       760
    stm32f4xx_hal.o             144                 4
    stm32f4xx_hal_cortex.o      222
    stm32f4xx_hal_dma.o          36
    stm32f4xx_hal_gpio.o        472
    stm32f4xx_hal_msp.o         196
    stm32f4xx_hal_rcc.o       1 140
    stm32f4xx_hal_uart.o      1 168
    stm32f4xx_it.o               48
    system_stm32f4xx.o           80        4        4
    -------------------------------------------------
    Total:                    5 506        4      280

command line: [2]
    -------------------------------------------------
    Total:

dl7M_tlf.a: [3]
    exit.o                        4
    low_level_init.o              4
    strstr.o                     46
    -------------------------------------------------
    Total:                       54

m7M_tls.a: [4]
    fpinit_M.o                   34
    -------------------------------------------------
    Total:                       34

rt7M_tl.a: [5]
    ABImemcpy_unaligned.o       118
    ABImemset48.o                58
    cexit.o                      10
    cmain.o                      26
    copy_init3.o                 44
    cstartup_M.o                 12
    data_init.o                  40
    strchr.o                     22
    zero_init3.o                 64
    -------------------------------------------------
    Total:                      394

shb_l.a: [6]
    exit.o                       20
    -------------------------------------------------
    Total:                       20

    Gaps                         14        2
    Linker created                        36    1 024
-----------------------------------------------------
    Grand Total:              6 022       42    1 304


*******************************************************************************
*** ENTRY LIST
***

Entry                      Address   Size  Type      Object
-----                      -------   ----  ----      ------
.iar.init_table$$Base   0x080015c8          --   Gb  - Linker created -
.iar.init_table$$Limit  0x080015ec          --   Gb  - Linker created -
?main                   0x080015ed         Code  Gb  cmain.o [5]
APBAHBPrescTable        0x08001028   0x10  Data  Gb  stm32f4xx_hal_rcc.o [1]
CSTACK$$Base            0x20000008          --   Gb  - Linker created -
CSTACK$$Limit           0x20000408          --   Gb  - Linker created -
HAL_DMA_Abort_IT        0x08001431   0x24  Code  Gb  stm32f4xx_hal_dma.o [1]
HAL_Delay               0x08000b1f   0x18  Code  Wk  stm32f4xx_hal.o [1]
HAL_GPIO_Init           0x0800116d  0x1a4  Code  Gb  stm32f4xx_hal_gpio.o [1]
HAL_GPIO_WritePin       0x08001311    0x8  Code  Gb  stm32f4xx_hal_gpio.o [1]
HAL_GetTick             0x0800145d    0xc  Code  Wk  stm32f4xx_hal.o [1]
HAL_IncTick             0x08001541   0x10  Code  Wk  stm32f4xx_hal.o [1]
HAL_Init                0x08000661   0x30  Code  Gb  stm32f4xx_hal.o [1]
HAL_InitTick            0x08001345   0x28  Code  Wk  stm32f4xx_hal.o [1]
HAL_MspInit             0x0800136d   0x60  Code  Gb  stm32f4xx_hal_msp.o [1]
HAL_NVIC_EnableIRQ      0x080010fb    0xc  Code  Gb  stm32f4xx_hal_cortex.o [1]
HAL_NVIC_SetPriority    0x080010c1   0x3a  Code  Gb  stm32f4xx_hal_cortex.o [1]
HAL_NVIC_SetPriorityGrouping
                        0x080010a7   0x1a  Code  Gb  stm32f4xx_hal_cortex.o [1]
HAL_RCC_ClockConfig     0x08000eb1  0x12c  Code  Gb  stm32f4xx_hal_rcc.o [1]
HAL_RCC_GetHCLKFreq     0x08000feb    0x6  Code  Gb  stm32f4xx_hal_rcc.o [1]
HAL_RCC_GetPCLK1Freq    0x08000ff1   0x12  Code  Gb  stm32f4xx_hal_rcc.o [1]
HAL_RCC_GetPCLK2Freq    0x08001003   0x10  Code  Gb  stm32f4xx_hal_rcc.o [1]
HAL_RCC_GetSysClockFreq
                        0x08001039   0x54  Code  Wk  stm32f4xx_hal_rcc.o [1]
HAL_RCC_OscConfig       0x08000c19  0x298  Code  Wk  stm32f4xx_hal_rcc.o [1]
HAL_SYSTICK_CLKSourceConfig
                        0x08001137   0x14  Code  Gb  stm32f4xx_hal_cortex.o [1]
HAL_SYSTICK_Callback    0x08001169    0x2  Code  Wk  stm32f4xx_hal_cortex.o [1]
HAL_SYSTICK_Config      0x0800110f   0x28  Code  Gb  stm32f4xx_hal_cortex.o [1]
HAL_SYSTICK_IRQHandler  0x08001165    0x4  Code  Gb  stm32f4xx_hal_cortex.o [1]
HAL_UART_ErrorCallback  0x08001455    0x2  Code  Wk  stm32f4xx_hal_uart.o [1]
HAL_UART_IRQHandler     0x0800079f  0x14e  Code  Gb  stm32f4xx_hal_uart.o [1]
HAL_UART_Init           0x08000695   0x28  Code  Gb  stm32f4xx_hal_uart.o [1]
HAL_UART_MspInit        0x080013cd   0x56  Code  Gb  stm32f4xx_hal_msp.o [1]
HAL_UART_Receive_IT     0x08000743   0x4a  Code  Gb  stm32f4xx_hal_uart.o [1]
HAL_UART_RxCpltCallback
                        0x08001459    0x2  Code  Wk  stm32f4xx_hal_uart.o [1]
HAL_UART_Transmit_IT    0x08000703   0x40  Code  Gb  stm32f4xx_hal_uart.o [1]
HAL_UART_TxCpltCallback
                        0x08001457    0x2  Code  Wk  stm32f4xx_hal_uart.o [1]
MX_GPIO_Init            0x080003b9  0x1a2  Code  Lc  main.o [1]
NVIC_SetPriority        0x0800108d   0x1a  Code  Lc  stm32f4xx_hal_cortex.o [1]
Region$$Table$$Base     0x080015c8          --   Gb  - Linker created -
Region$$Table$$Limit    0x080015ec          --   Gb  - Linker created -
SysTick_Handler         0x08001511    0xe  Code  Gb  stm32f4xx_it.o [1]
SystemClock_Config      0x08000307   0xac  Code  Gb  main.o [1]
SystemCoreClock         0x20000000    0x4  Data  Gb  system_stm32f4xx.o [1]
SystemInit              0x08001481   0x3a  Code  Gb  system_stm32f4xx.o [1]
UART_DMAAbortOnError    0x0800090d    0xc  Code  Lc  stm32f4xx_hal_uart.o [1]
UART_EndRxTransfer      0x080008ed   0x1c  Code  Lc  stm32f4xx_hal_uart.o [1]
UART_Receive_IT         0x08000919   0x88  Code  Lc  stm32f4xx_hal_uart.o [1]
UART_SetConfig          0x080009a1  0x13a  Code  Lc  stm32f4xx_hal_uart.o [1]
USART2_IRQHandler       0x0800151f   0x18  Code  Gb  stm32f4xx_it.o [1]
__aeabi_memset4         0x08000bdd         Code  Gb  ABImemset48.o [5]
__aeabi_memset8         0x08000bdd         Code  Gb  ABImemset48.o [5]
__cmain                 0x080015ed         Code  Gb  cmain.o [5]
__exit                  0x0800161d   0x14  Code  Gb  exit.o [6]
__iar_Memset4_word      0x08000be5         Code  Gb  ABImemset48.o [5]
__iar_Memset8_word      0x08000be5         Code  Gb  ABImemset48.o [5]
__iar_Strchr            0x08001469         Code  Gb  strchr.o [5]
__iar_Strstr            0x08000b37   0x2e  Code  Gb  strstr.o [3]
__iar_copy_init3        0x08001551   0x2c  Code  Gb  copy_init3.o [5]
__iar_data_init3        0x0800157d   0x28  Code  Gb  data_init.o [5]
__iar_init_vfp          0x080015a5         Code  Gb  fpinit_M.o [4]
__iar_program_start     0x08001641         Code  Gb  cstartup_M.o [5]
__iar_unaligned___aeabi_memcpy
                        0x08000b65         Code  Gb  ABImemcpy_unaligned.o [5]
__iar_unaligned___aeabi_memcpy4
                        0x08000b85         Code  Gb  ABImemcpy_unaligned.o [5]
__iar_unaligned___aeabi_memcpy8
                        0x08000b85         Code  Gb  ABImemcpy_unaligned.o [5]
__iar_zero_init3        0x080014d1   0x40  Code  Gb  zero_init3.o [5]
__low_level_init        0x08001607    0x4  Code  Gb  low_level_init.o [3]
__vector_table          0x08000000         Data  Gb  startup_stm32f407xx.o [1]
_call_main              0x080015f9         Code  Gb  cmain.o [5]
_exit                   0x08001611         Code  Gb  cexit.o [5]
_main                   0x08001603         Code  Gb  cmain.o [5]
bufferRx_GSM            0x200004b4   0x64  Data  Gb  main.o [1]
ch                      0x20000408   0x64  Data  Gb  main.o [1]
exit                    0x0800160b    0x4  Code  Gb  exit.o [3]
huart2                  0x2000046c   0x40  Data  Gb  main.o [1]
i                       0x200004ac    0x4  Data  Gb  main.o [1]
j                       0x200004b0    0x4  Data  Gb  main.o [1]
main                    0x08000189  0x158  Code  Gb  main.o [1]
strchr                  0x08001469         Code  Gb  strchr.o [5]
uwTick                  0x20000518    0x4  Data  Gb  stm32f4xx_hal.o [1]


[1] = C:\Users\Youssef\Desktop\gps2\EWARM\gps2\Obj
[2] = command line
[3] = dl7M_tlf.a
[4] = m7M_tls.a
[5] = rt7M_tl.a
[6] = shb_l.a

  6 022 bytes of readonly  code memory
     42 bytes of readonly  data memory
  1 304 bytes of readwrite data memory

Errors: none
Warnings: none
